2026-09-20 09:46:44.906 +03:00 [INF] [] User profile is available. Using 'C:\Users\aalhasani\AppData\Local\ASP.NET\DataProtection-Keys' as key repository and Windows DPAPI to encrypt keys at rest.
2026-09-20 09:46:45.220 +03:00 [WRN] [] The ASP.NET Core developer certificate is not trusted. For information about trusting the ASP.NET Core developer certificate, see https://aka.ms/aspnet/https-trust-dev-cert.
2026-09-20 09:46:45.322 +03:00 [INF] [] Now listening on: https://localhost:5001
2026-09-20 09:46:45.325 +03:00 [INF] [] Now listening on: http://localhost:5000
2026-09-20 09:46:45.470 +03:00 [INF] [] Application started. Press Ctrl+C to shut down.
2026-09-20 09:46:45.472 +03:00 [INF] [] Hosting environment: Development
2026-09-20 09:46:45.474 +03:00 [INF] [] Content root path: C:\Abdulmajeed_Project\ASP.NETCore\MovieManager\MovieManager.UI
2026-09-20 09:46:59.278 +03:00 [INF] [] Request starting HTTP/1.1 GET https://localhost:5001/api/v1/movies/2/details - null null
2026-09-20 09:46:59.451 +03:00 [INF] [] Executing endpoint 'MJDVerse.API.Controllers.MoviesController.GetMovieDetails (MJDVerse.API)'
2026-09-20 09:46:59.531 +03:00 [INF] [] Route matched with {action = "GetMovieDetails", controller = "Movies"}. Executing controller action with signature System.Threading.Tasks.Task`1[Microsoft.AspNetCore.Mvc.IActionResult] GetMovieDetails(Int32) on controller MJDVerse.API.Controllers.MoviesController (MJDVerse.API).
2026-09-20 09:47:03.481 +03:00 [INF] [] Executed DbCommand (89ms) [Parameters=[@__id_0='?' (DbType = Int32)], CommandType='"Text"', CommandTimeout='30']
SELECT TOP(1) [m].[Id], [m].[AverageRating], [m].[Description], [m].[PosterUrl], [m].[ReleaseDate], [m].[RuntimeMinutes], [m].[Title], [m].[TmdbId]
FROM [Movies] AS [m]
WHERE [m].[Id] = @__id_0
2026-09-20 09:47:03.647 +03:00 [INF] [] Start processing HTTP request GET https://api.themoviedb.org/3/movie/969681?*
2026-09-20 09:47:03.655 +03:00 [INF] [] Sending HTTP request GET https://api.themoviedb.org/3/movie/969681?*
2026-09-20 09:47:06.445 +03:00 [INF] [] Received HTTP response headers after 2783.8765ms - 200
2026-09-20 09:47:06.450 +03:00 [INF] [] End processing HTTP request after 2809.3926ms - 200
2026-09-20 09:47:06.516 +03:00 [INF] [] Executing OkObjectResult, writing value of type 'MJDVerse.Application.DTOs.External.TmdbMovieDto'.
2026-09-20 09:47:06.549 +03:00 [INF] [] Executed action MJDVerse.API.Controllers.MoviesController.GetMovieDetails (MJDVerse.API) in 7010.2242ms
2026-09-20 09:47:06.552 +03:00 [INF] [] Executed endpoint 'MJDVerse.API.Controllers.MoviesController.GetMovieDetails (MJDVerse.API)'
2026-09-20 09:47:06.559 +03:00 [INF] [] HTTP GET /api/v1/movies/2/details responded 200 in 7246.5538 ms
2026-09-20 09:47:06.580 +03:00 [INF] [] Request finished HTTP/1.1 GET https://localhost:5001/api/v1/movies/2/details - 200 null application/json; charset=utf-8 7323.0871ms
2026-09-20 09:48:56.147 +03:00 [INF] [] Request starting HTTP/1.1 POST https://localhost:5001/api/v1/movies - application/json 207
2026-09-20 09:48:56.227 +03:00 [INF] [] Failed to validate the token.
Microsoft.IdentityModel.Tokens.SecurityTokenExpiredException: IDX10223: Lifetime validation failed. The token is expired. ValidTo (UTC): '9/17/2026 12:22:11 PM', Current time (UTC): '9/20/2026 6:48:56 AM'.
   at Microsoft.IdentityModel.Tokens.ValidatorUtilities.ValidateLifetime(Nullable`1 notBefore, Nullable`1 expires, SecurityToken securityToken, TokenValidationParameters validationParameters)
   at Microsoft.IdentityModel.Tokens.Validators.ValidateLifetime(Nullable`1 notBefore, Nullable`1 expires, SecurityToken securityToken, TokenValidationParameters validationParameters)
   at Microsoft.IdentityModel.JsonWebTokens.JsonWebTokenHandler.ValidateTokenPayloadAsync(JsonWebToken jsonWebToken, TokenValidationParameters validationParameters, BaseConfiguration configuration)
   at Microsoft.IdentityModel.JsonWebTokens.JsonWebTokenHandler.ValidateJWSAsync(JsonWebToken jsonWebToken, TokenValidationParameters validationParameters, BaseConfiguration configuration)
2026-09-20 09:48:56.237 +03:00 [INF] [] Bearer was not authenticated. Failure message: IDX10223: Lifetime validation failed. The token is expired. ValidTo (UTC): '9/17/2026 12:22:11 PM', Current time (UTC): '9/20/2026 6:48:56 AM'.
2026-09-20 09:48:56.239 +03:00 [INF] [] Executing endpoint 'MJDVerse.API.Controllers.MoviesController.CreateMovie (MJDVerse.API)'
2026-09-20 09:48:56.246 +03:00 [INF] [] Route matched with {action = "CreateMovie", controller = "Movies"}. Executing controller action with signature System.Threading.Tasks.Task`1[Microsoft.AspNetCore.Mvc.IActionResult] CreateMovie(MJDVerse.Application.DTOs.Movies.CreateMovieDto) on controller MJDVerse.API.Controllers.MoviesController (MJDVerse.API).
2026-09-20 09:48:56.539 +03:00 [INF] [] Executed DbCommand (48ms) [Parameters=[@p0='?' (Precision = 3) (Scale = 1) (DbType = Decimal), @p1='?' (Size = 2000), @p2='?' (Size = 500), @p3='?' (DbType = DateTime2), @p4='?' (DbType = Int32), @p5='?' (Size = 200), @p6='?' (DbType = Int32)], CommandType='"Text"', CommandTimeout='30']
SET IMPLICIT_TRANSACTIONS OFF;
SET NOCOUNT ON;
INSERT INTO [Movies] ([AverageRating], [Description], [PosterUrl], [ReleaseDate], [RuntimeMinutes], [Title], [TmdbId])
OUTPUT INSERTED.[Id]
VALUES (@p0, @p1, @p2, @p3, @p4, @p5, @p6);
2026-09-20 09:48:56.646 +03:00 [INF] [] Start processing HTTP request GET https://api.themoviedb.org/3/movie/969681?*
2026-09-20 09:48:56.652 +03:00 [INF] [] Sending HTTP request GET https://api.themoviedb.org/3/movie/969681?*
2026-09-20 09:48:57.035 +03:00 [INF] [] Received HTTP response headers after 378.5275ms - 200
2026-09-20 09:48:57.042 +03:00 [INF] [] End processing HTTP request after 395.6723ms - 200
2026-09-20 09:48:57.055 +03:00 [INF] [] Executing OkObjectResult, writing value of type 'MJDVerse.Application.DTOs.Movies.MovieDto'.
2026-09-20 09:48:57.076 +03:00 [INF] [] Executed action MJDVerse.API.Controllers.MoviesController.CreateMovie (MJDVerse.API) in 828.7036ms
2026-09-20 09:48:57.082 +03:00 [INF] [] Executed endpoint 'MJDVerse.API.Controllers.MoviesController.CreateMovie (MJDVerse.API)'
2026-09-20 09:48:57.087 +03:00 [INF] [] HTTP POST /api/v1/movies responded 200 in 936.7903 ms
2026-09-20 09:48:57.094 +03:00 [INF] [] Request finished HTTP/1.1 POST https://localhost:5001/api/v1/movies - 200 null application/json; charset=utf-8 946.9788ms
2026-09-20 09:54:59.601 +03:00 [INF] [] User profile is available. Using 'C:\Users\aalhasani\AppData\Local\ASP.NET\DataProtection-Keys' as key repository and Windows DPAPI to encrypt keys at rest.
2026-09-20 09:54:59.804 +03:00 [WRN] [] The ASP.NET Core developer certificate is not trusted. For information about trusting the ASP.NET Core developer certificate, see https://aka.ms/aspnet/https-trust-dev-cert.
2026-09-20 09:54:59.900 +03:00 [INF] [] Now listening on: https://localhost:5001
2026-09-20 09:54:59.903 +03:00 [INF] [] Now listening on: http://localhost:5000
2026-09-20 09:55:00.029 +03:00 [INF] [] Application started. Press Ctrl+C to shut down.
2026-09-20 09:55:00.031 +03:00 [INF] [] Hosting environment: Development
2026-09-20 09:55:00.032 +03:00 [INF] [] Content root path: C:\Abdulmajeed_Project\ASP.NETCore\MovieManager\MovieManager.UI
2026-09-20 09:55:27.966 +03:00 [INF] [] Request starting HTTP/1.1 POST https://localhost:5001/api/v1/movies - application/json 209
2026-09-20 09:55:28.216 +03:00 [INF] [] Failed to validate the token.
Microsoft.IdentityModel.Tokens.SecurityTokenExpiredException: IDX10223: Lifetime validation failed. The token is expired. ValidTo (UTC): '9/17/2026 12:22:11 PM', Current time (UTC): '9/20/2026 6:55:28 AM'.
   at Microsoft.IdentityModel.Tokens.ValidatorUtilities.ValidateLifetime(Nullable`1 notBefore, Nullable`1 expires, SecurityToken securityToken, TokenValidationParameters validationParameters)
   at Microsoft.IdentityModel.Tokens.Validators.ValidateLifetime(Nullable`1 notBefore, Nullable`1 expires, SecurityToken securityToken, TokenValidationParameters validationParameters)
   at Microsoft.IdentityModel.JsonWebTokens.JsonWebTokenHandler.ValidateTokenPayloadAsync(JsonWebToken jsonWebToken, TokenValidationParameters validationParameters, BaseConfiguration configuration)
   at Microsoft.IdentityModel.JsonWebTokens.JsonWebTokenHandler.ValidateJWSAsync(JsonWebToken jsonWebToken, TokenValidationParameters validationParameters, BaseConfiguration configuration)
2026-09-20 09:55:28.239 +03:00 [INF] [] Bearer was not authenticated. Failure message: IDX10223: Lifetime validation failed. The token is expired. ValidTo (UTC): '9/17/2026 12:22:11 PM', Current time (UTC): '9/20/2026 6:55:28 AM'.
2026-09-20 09:55:28.245 +03:00 [INF] [] Executing endpoint 'MJDVerse.API.Controllers.MoviesController.CreateMovie (MJDVerse.API)'
2026-09-20 09:55:28.298 +03:00 [INF] [] Route matched with {action = "CreateMovie", controller = "Movies"}. Executing controller action with signature System.Threading.Tasks.Task`1[Microsoft.AspNetCore.Mvc.IActionResult] CreateMovie(MJDVerse.Application.DTOs.Movies.CreateMovieDto) on controller MJDVerse.API.Controllers.MoviesController (MJDVerse.API).
2026-09-20 09:55:30.377 +03:00 [INF] [] Executed DbCommand (70ms) [Parameters=[@p0='?' (Precision = 3) (Scale = 1) (DbType = Decimal), @p1='?' (Size = 2000), @p2='?' (Size = 500), @p3='?' (DbType = DateTime2), @p4='?' (DbType = Int32), @p5='?' (Size = 200), @p6='?' (DbType = Int32)], CommandType='"Text"', CommandTimeout='30']
SET IMPLICIT_TRANSACTIONS OFF;
SET NOCOUNT ON;
INSERT INTO [Movies] ([AverageRating], [Description], [PosterUrl], [ReleaseDate], [RuntimeMinutes], [Title], [TmdbId])
OUTPUT INSERTED.[Id]
VALUES (@p0, @p1, @p2, @p3, @p4, @p5, @p6);
2026-09-20 09:55:30.461 +03:00 [INF] [] Start processing HTTP request GET https://api.themoviedb.org/3/movie/969681?*
2026-09-20 09:55:30.468 +03:00 [INF] [] Sending HTTP request GET https://api.themoviedb.org/3/movie/969681?*
2026-09-20 09:55:32.208 +03:00 [INF] [] Received HTTP response headers after 1730.4668ms - 200
2026-09-20 09:55:32.213 +03:00 [INF] [] End processing HTTP request after 1754.0123ms - 200
2026-09-20 09:55:32.322 +03:00 [INF] [] Executed DbCommand (16ms) [Parameters=[@p0='?' (DbType = Int32), @p1='?' (DbType = Int32), @p2='?' (DbType = Int32), @p3='?' (DbType = Int32), @p4='?' (DbType = Int32), @p5='?' (DbType = Int32)], CommandType='"Text"', CommandTimeout='30']
SET IMPLICIT_TRANSACTIONS OFF;
SET NOCOUNT ON;
INSERT INTO [MovieGenres] ([GenreId], [MovieId])
VALUES (@p0, @p1),
(@p2, @p3),
(@p4, @p5);
2026-09-20 09:55:32.339 +03:00 [INF] [] Executing OkObjectResult, writing value of type 'MJDVerse.Application.DTOs.Movies.MovieDto'.
2026-09-20 09:55:32.365 +03:00 [INF] [] Executed action MJDVerse.API.Controllers.MoviesController.CreateMovie (MJDVerse.API) in 4058.6783ms
2026-09-20 09:55:32.368 +03:00 [INF] [] Executed endpoint 'MJDVerse.API.Controllers.MoviesController.CreateMovie (MJDVerse.API)'
2026-09-20 09:55:32.375 +03:00 [INF] [] HTTP POST /api/v1/movies responded 200 in 4376.9133 ms
2026-09-20 09:55:32.393 +03:00 [INF] [] Request finished HTTP/1.1 POST https://localhost:5001/api/v1/movies - 200 null application/json; charset=utf-8 4441.5332ms
