2026-09-03 13:53:19.160 +03:00 [INF] Executed DbCommand (108ms) [Parameters=[], CommandType='"Text"', CommandTimeout='60']
CREATE DATABASE [MJDVerseDb];
2026-09-03 13:53:19.234 +03:00 [INF] Executed DbCommand (45ms) [Parameters=[], CommandType='"Text"', CommandTimeout='60']
IF SERVERPROPERTY('EngineEdition') <> 5
BEGIN
    ALTER DATABASE [MJDVerseDb] SET READ_COMMITTED_SNAPSHOT ON;
END;
2026-09-03 13:53:19.249 +03:00 [INF] Executed DbCommand (5ms) [Parameters=[], CommandType='"Text"', CommandTimeout='30']
SELECT 1
2026-09-03 13:53:19.294 +03:00 [INF] Executed DbCommand (9ms) [Parameters=[], CommandType='"Text"', CommandTimeout='30']
CREATE TABLE [__EFMigrationsHistory] (
    [MigrationId] nvarchar(150) NOT NULL,
    [ProductVersion] nvarchar(32) NOT NULL,
    CONSTRAINT [PK___EFMigrationsHistory] PRIMARY KEY ([MigrationId])
);
2026-09-03 13:53:19.295 +03:00 [INF] Executed DbCommand (0ms) [Parameters=[], CommandType='"Text"', CommandTimeout='30']
SELECT 1
2026-09-03 13:53:19.305 +03:00 [INF] Executed DbCommand (8ms) [Parameters=[], CommandType='"Text"', CommandTimeout='30']
SELECT OBJECT_ID(N'[__EFMigrationsHistory]');
2026-09-03 13:53:19.317 +03:00 [INF] Executed DbCommand (10ms) [Parameters=[], CommandType='"Text"', CommandTimeout='30']
SELECT [MigrationId], [ProductVersion]
FROM [__EFMigrationsHistory]
ORDER BY [MigrationId];
2026-09-03 13:53:19.327 +03:00 [INF] Applying migration '20260903104732_InitialCreate'.
2026-09-03 13:53:19.383 +03:00 [INF] Executed DbCommand (1ms) [Parameters=[], CommandType='"Text"', CommandTimeout='30']
CREATE TABLE [AspNetRoles] (
    [Id] nvarchar(450) NOT NULL,
    [Name] nvarchar(256) NULL,
    [NormalizedName] nvarchar(256) NULL,
    [ConcurrencyStamp] nvarchar(max) NULL,
    CONSTRAINT [PK_AspNetRoles] PRIMARY KEY ([Id])
);
2026-09-03 13:53:19.385 +03:00 [INF] Executed DbCommand (2ms) [Parameters=[], CommandType='"Text"', CommandTimeout='30']
CREATE TABLE [AspNetUsers] (
    [Id] nvarchar(450) NOT NULL,
    [UserName] nvarchar(256) NULL,
    [NormalizedUserName] nvarchar(256) NULL,
    [Email] nvarchar(256) NULL,
    [NormalizedEmail] nvarchar(256) NULL,
    [EmailConfirmed] bit NOT NULL,
    [PasswordHash] nvarchar(max) NULL,
    [SecurityStamp] nvarchar(max) NULL,
    [ConcurrencyStamp] nvarchar(max) NULL,
    [PhoneNumber] nvarchar(max) NULL,
    [PhoneNumberConfirmed] bit NOT NULL,
    [TwoFactorEnabled] bit NOT NULL,
    [LockoutEnd] datetimeoffset NULL,
    [LockoutEnabled] bit NOT NULL,
    [AccessFailedCount] int NOT NULL,
    CONSTRAINT [PK_AspNetUsers] PRIMARY KEY ([Id])
);
2026-09-03 13:53:19.387 +03:00 [INF] Executed DbCommand (2ms) [Parameters=[], CommandType='"Text"', CommandTimeout='30']
CREATE TABLE [Genres] (
    [Id] int NOT NULL IDENTITY,
    [Name] nvarchar(100) NOT NULL,
    CONSTRAINT [PK_Genres] PRIMARY KEY ([Id])
);
2026-09-03 13:53:19.388 +03:00 [INF] Executed DbCommand (1ms) [Parameters=[], CommandType='"Text"', CommandTimeout='30']
CREATE TABLE [People] (
    [Id] int NOT NULL IDENTITY,
    [Name] nvarchar(200) NOT NULL,
    [ProfileImageUrl] nvarchar(500) NULL,
    CONSTRAINT [PK_People] PRIMARY KEY ([Id])
);
2026-09-03 13:53:19.391 +03:00 [INF] Executed DbCommand (3ms) [Parameters=[], CommandType='"Text"', CommandTimeout='30']
CREATE TABLE [AspNetRoleClaims] (
    [Id] int NOT NULL IDENTITY,
    [RoleId] nvarchar(450) NOT NULL,
    [ClaimType] nvarchar(max) NULL,
    [ClaimValue] nvarchar(max) NULL,
    CONSTRAINT [PK_AspNetRoleClaims] PRIMARY KEY ([Id]),
    CONSTRAINT [FK_AspNetRoleClaims_AspNetRoles_RoleId] FOREIGN KEY ([RoleId]) REFERENCES [AspNetRoles] ([Id]) ON DELETE CASCADE
);
2026-09-03 13:53:19.392 +03:00 [INF] Executed DbCommand (1ms) [Parameters=[], CommandType='"Text"', CommandTimeout='30']
CREATE TABLE [AspNetUserClaims] (
    [Id] int NOT NULL IDENTITY,
    [UserId] nvarchar(450) NOT NULL,
    [ClaimType] nvarchar(max) NULL,
    [ClaimValue] nvarchar(max) NULL,
    CONSTRAINT [PK_AspNetUserClaims] PRIMARY KEY ([Id]),
    CONSTRAINT [FK_AspNetUserClaims_AspNetUsers_UserId] FOREIGN KEY ([UserId]) REFERENCES [AspNetUsers] ([Id]) ON DELETE CASCADE
);
2026-09-03 13:53:19.394 +03:00 [INF] Executed DbCommand (2ms) [Parameters=[], CommandType='"Text"', CommandTimeout='30']
CREATE TABLE [AspNetUserLogins] (
    [LoginProvider] nvarchar(450) NOT NULL,
    [ProviderKey] nvarchar(450) NOT NULL,
    [ProviderDisplayName] nvarchar(max) NULL,
    [UserId] nvarchar(450) NOT NULL,
    CONSTRAINT [PK_AspNetUserLogins] PRIMARY KEY ([LoginProvider], [ProviderKey]),
    CONSTRAINT [FK_AspNetUserLogins_AspNetUsers_UserId] FOREIGN KEY ([UserId]) REFERENCES [AspNetUsers] ([Id]) ON DELETE CASCADE
);
2026-09-03 13:53:19.396 +03:00 [INF] Executed DbCommand (2ms) [Parameters=[], CommandType='"Text"', CommandTimeout='30']
CREATE TABLE [AspNetUserRoles] (
    [UserId] nvarchar(450) NOT NULL,
    [RoleId] nvarchar(450) NOT NULL,
    CONSTRAINT [PK_AspNetUserRoles] PRIMARY KEY ([UserId], [RoleId]),
    CONSTRAINT [FK_AspNetUserRoles_AspNetRoles_RoleId] FOREIGN KEY ([RoleId]) REFERENCES [AspNetRoles] ([Id]) ON DELETE CASCADE,
    CONSTRAINT [FK_AspNetUserRoles_AspNetUsers_UserId] FOREIGN KEY ([UserId]) REFERENCES [AspNetUsers] ([Id]) ON DELETE CASCADE
);
2026-09-03 13:53:19.397 +03:00 [INF] Executed DbCommand (1ms) [Parameters=[], CommandType='"Text"', CommandTimeout='30']
CREATE TABLE [AspNetUserTokens] (
    [UserId] nvarchar(450) NOT NULL,
    [LoginProvider] nvarchar(450) NOT NULL,
    [Name] nvarchar(450) NOT NULL,
    [Value] nvarchar(max) NULL,
    CONSTRAINT [PK_AspNetUserTokens] PRIMARY KEY ([UserId], [LoginProvider], [Name]),
    CONSTRAINT [FK_AspNetUserTokens_AspNetUsers_UserId] FOREIGN KEY ([UserId]) REFERENCES [AspNetUsers] ([Id]) ON DELETE CASCADE
);
2026-09-03 13:53:19.400 +03:00 [INF] Executed DbCommand (3ms) [Parameters=[], CommandType='"Text"', CommandTimeout='30']
CREATE TABLE [Movies] (
    [Id] int NOT NULL IDENTITY,
    [Title] nvarchar(200) NOT NULL,
    [Description] nvarchar(2000) NOT NULL,
    [ReleaseDate] datetime2 NOT NULL,
    [RuntimeMinutes] int NOT NULL,
    [AverageRating] decimal(3,1) NOT NULL,
    [PosterUrl] nvarchar(500) NULL,
    [GenreId] int NULL,
    CONSTRAINT [PK_Movies] PRIMARY KEY ([Id]),
    CONSTRAINT [FK_Movies_Genres_GenreId] FOREIGN KEY ([GenreId]) REFERENCES [Genres] ([Id])
);
2026-09-03 13:53:19.401 +03:00 [INF] Executed DbCommand (1ms) [Parameters=[], CommandType='"Text"', CommandTimeout='30']
CREATE TABLE [CastMembers] (
    [Id] int NOT NULL IDENTITY,
    [MovieId] int NOT NULL,
    [PersonId] int NOT NULL,
    [CharacterName] nvarchar(200) NULL,
    [Order] int NOT NULL,
    CONSTRAINT [PK_CastMembers] PRIMARY KEY ([Id]),
    CONSTRAINT [FK_CastMembers_Movies_MovieId] FOREIGN KEY ([MovieId]) REFERENCES [Movies] ([Id]) ON DELETE CASCADE,
    CONSTRAINT [FK_CastMembers_People_PersonId] FOREIGN KEY ([PersonId]) REFERENCES [People] ([Id]) ON DELETE NO ACTION
);
2026-09-03 13:53:19.404 +03:00 [INF] Executed DbCommand (3ms) [Parameters=[], CommandType='"Text"', CommandTimeout='30']
CREATE TABLE [CrewMembers] (
    [Id] int NOT NULL IDENTITY,
    [MovieId] int NOT NULL,
    [PersonId] int NOT NULL,
    [Department] nvarchar(100) NOT NULL,
    [Job] nvarchar(100) NOT NULL,
    CONSTRAINT [PK_CrewMembers] PRIMARY KEY ([Id]),
    CONSTRAINT [FK_CrewMembers_Movies_MovieId] FOREIGN KEY ([MovieId]) REFERENCES [Movies] ([Id]) ON DELETE CASCADE,
    CONSTRAINT [FK_CrewMembers_People_PersonId] FOREIGN KEY ([PersonId]) REFERENCES [People] ([Id]) ON DELETE NO ACTION
);
2026-09-03 13:53:19.406 +03:00 [INF] Executed DbCommand (2ms) [Parameters=[], CommandType='"Text"', CommandTimeout='30']
CREATE TABLE [Favorites] (
    [Id] int NOT NULL IDENTITY,
    [MovieId] int NOT NULL,
    [UserId] nvarchar(450) NOT NULL,
    [AddedAt] datetime2 NOT NULL,
    CONSTRAINT [PK_Favorites] PRIMARY KEY ([Id]),
    CONSTRAINT [FK_Favorites_Movies_MovieId] FOREIGN KEY ([MovieId]) REFERENCES [Movies] ([Id]) ON DELETE CASCADE
);
2026-09-03 13:53:19.411 +03:00 [INF] Executed DbCommand (4ms) [Parameters=[], CommandType='"Text"', CommandTimeout='30']
CREATE TABLE [MovieGenres] (
    [MovieId] int NOT NULL,
    [GenreId] int NOT NULL,
    CONSTRAINT [PK_MovieGenres] PRIMARY KEY ([MovieId], [GenreId]),
    CONSTRAINT [FK_MovieGenres_Genres_GenreId] FOREIGN KEY ([GenreId]) REFERENCES [Genres] ([Id]) ON DELETE CASCADE,
    CONSTRAINT [FK_MovieGenres_Movies_MovieId] FOREIGN KEY ([MovieId]) REFERENCES [Movies] ([Id]) ON DELETE CASCADE
);
2026-09-03 13:53:19.413 +03:00 [INF] Executed DbCommand (2ms) [Parameters=[], CommandType='"Text"', CommandTimeout='30']
CREATE TABLE [Ratings] (
    [Id] int NOT NULL IDENTITY,
    [MovieId] int NOT NULL,
    [UserId] nvarchar(450) NOT NULL,
    [Value] decimal(3,1) NOT NULL,
    [RatedAt] datetime2 NOT NULL,
    CONSTRAINT [PK_Ratings] PRIMARY KEY ([Id]),
    CONSTRAINT [FK_Ratings_Movies_MovieId] FOREIGN KEY ([MovieId]) REFERENCES [Movies] ([Id]) ON DELETE CASCADE
);
2026-09-03 13:53:19.414 +03:00 [INF] Executed DbCommand (1ms) [Parameters=[], CommandType='"Text"', CommandTimeout='30']
CREATE TABLE [Reviews] (
    [Id] int NOT NULL IDENTITY,
    [Comment] nvarchar(2000) NOT NULL,
    [MovieId] int NOT NULL,
    [UserId] nvarchar(450) NOT NULL,
    CONSTRAINT [PK_Reviews] PRIMARY KEY ([Id]),
    CONSTRAINT [FK_Reviews_Movies_MovieId] FOREIGN KEY ([MovieId]) REFERENCES [Movies] ([Id]) ON DELETE CASCADE
);
2026-09-03 13:53:19.415 +03:00 [INF] Executed DbCommand (2ms) [Parameters=[], CommandType='"Text"', CommandTimeout='30']
CREATE TABLE [WatchHistories] (
    [Id] int NOT NULL IDENTITY,
    [MovieId] int NOT NULL,
    [UserId] nvarchar(450) NOT NULL,
    [WatchedAt] datetime2 NOT NULL,
    [ProgressInSeconds] int NOT NULL,
    CONSTRAINT [PK_WatchHistories] PRIMARY KEY ([Id]),
    CONSTRAINT [FK_WatchHistories_Movies_MovieId] FOREIGN KEY ([MovieId]) REFERENCES [Movies] ([Id]) ON DELETE CASCADE
);
2026-09-03 13:53:19.417 +03:00 [INF] Executed DbCommand (2ms) [Parameters=[], CommandType='"Text"', CommandTimeout='30']
CREATE TABLE [WatchlistItems] (
    [Id] int NOT NULL IDENTITY,
    [MovieId] int NOT NULL,
    [UserId] nvarchar(450) NOT NULL,
    [AddedAt] datetime2 NOT NULL,
    CONSTRAINT [PK_WatchlistItems] PRIMARY KEY ([Id]),
    CONSTRAINT [FK_WatchlistItems_Movies_MovieId] FOREIGN KEY ([MovieId]) REFERENCES [Movies] ([Id]) ON DELETE CASCADE
);
2026-09-03 13:53:19.418 +03:00 [INF] Executed DbCommand (1ms) [Parameters=[], CommandType='"Text"', CommandTimeout='30']
CREATE INDEX [IX_AspNetRoleClaims_RoleId] ON [AspNetRoleClaims] ([RoleId]);
2026-09-03 13:53:19.419 +03:00 [INF] Executed DbCommand (1ms) [Parameters=[], CommandType='"Text"', CommandTimeout='30']
CREATE UNIQUE INDEX [RoleNameIndex] ON [AspNetRoles] ([NormalizedName]) WHERE [NormalizedName] IS NOT NULL;
2026-09-03 13:53:19.419 +03:00 [INF] Executed DbCommand (0ms) [Parameters=[], CommandType='"Text"', CommandTimeout='30']
CREATE INDEX [IX_AspNetUserClaims_UserId] ON [AspNetUserClaims] ([UserId]);
2026-09-03 13:53:19.420 +03:00 [INF] Executed DbCommand (0ms) [Parameters=[], CommandType='"Text"', CommandTimeout='30']
CREATE INDEX [IX_AspNetUserLogins_UserId] ON [AspNetUserLogins] ([UserId]);
2026-09-03 13:53:19.422 +03:00 [INF] Executed DbCommand (2ms) [Parameters=[], CommandType='"Text"', CommandTimeout='30']
CREATE INDEX [IX_AspNetUserRoles_RoleId] ON [AspNetUserRoles] ([RoleId]);
2026-09-03 13:53:19.423 +03:00 [INF] Executed DbCommand (1ms) [Parameters=[], CommandType='"Text"', CommandTimeout='30']
CREATE INDEX [EmailIndex] ON [AspNetUsers] ([NormalizedEmail]);
2026-09-03 13:53:19.423 +03:00 [INF] Executed DbCommand (1ms) [Parameters=[], CommandType='"Text"', CommandTimeout='30']
CREATE UNIQUE INDEX [UserNameIndex] ON [AspNetUsers] ([NormalizedUserName]) WHERE [NormalizedUserName] IS NOT NULL;
2026-09-03 13:53:19.424 +03:00 [INF] Executed DbCommand (0ms) [Parameters=[], CommandType='"Text"', CommandTimeout='30']
CREATE INDEX [IX_CastMembers_MovieId] ON [CastMembers] ([MovieId]);
2026-09-03 13:53:19.424 +03:00 [INF] Executed DbCommand (0ms) [Parameters=[], CommandType='"Text"', CommandTimeout='30']
CREATE INDEX [IX_CastMembers_PersonId] ON [CastMembers] ([PersonId]);
2026-09-03 13:53:19.424 +03:00 [INF] Executed DbCommand (0ms) [Parameters=[], CommandType='"Text"', CommandTimeout='30']
CREATE INDEX [IX_CrewMembers_MovieId] ON [CrewMembers] ([MovieId]);
2026-09-03 13:53:19.425 +03:00 [INF] Executed DbCommand (0ms) [Parameters=[], CommandType='"Text"', CommandTimeout='30']
CREATE INDEX [IX_CrewMembers_PersonId] ON [CrewMembers] ([PersonId]);
2026-09-03 13:53:19.425 +03:00 [INF] Executed DbCommand (0ms) [Parameters=[], CommandType='"Text"', CommandTimeout='30']
CREATE INDEX [IX_Favorites_MovieId] ON [Favorites] ([MovieId]);
2026-09-03 13:53:19.426 +03:00 [INF] Executed DbCommand (0ms) [Parameters=[], CommandType='"Text"', CommandTimeout='30']
CREATE UNIQUE INDEX [IX_Favorites_UserId_MovieId] ON [Favorites] ([UserId], [MovieId]);
2026-09-03 13:53:19.426 +03:00 [INF] Executed DbCommand (1ms) [Parameters=[], CommandType='"Text"', CommandTimeout='30']
CREATE UNIQUE INDEX [IX_Genres_Name] ON [Genres] ([Name]);
2026-09-03 13:53:19.427 +03:00 [INF] Executed DbCommand (1ms) [Parameters=[], CommandType='"Text"', CommandTimeout='30']
CREATE INDEX [IX_MovieGenres_GenreId] ON [MovieGenres] ([GenreId]);
2026-09-03 13:53:19.428 +03:00 [INF] Executed DbCommand (1ms) [Parameters=[], CommandType='"Text"', CommandTimeout='30']
CREATE INDEX [IX_Movies_GenreId] ON [Movies] ([GenreId]);
2026-09-03 13:53:19.429 +03:00 [INF] Executed DbCommand (1ms) [Parameters=[], CommandType='"Text"', CommandTimeout='30']
CREATE INDEX [IX_Ratings_MovieId] ON [Ratings] ([MovieId]);
2026-09-03 13:53:19.429 +03:00 [INF] Executed DbCommand (0ms) [Parameters=[], CommandType='"Text"', CommandTimeout='30']
CREATE UNIQUE INDEX [IX_Ratings_UserId_MovieId] ON [Ratings] ([UserId], [MovieId]);
2026-09-03 13:53:19.430 +03:00 [INF] Executed DbCommand (0ms) [Parameters=[], CommandType='"Text"', CommandTimeout='30']
CREATE INDEX [IX_Reviews_MovieId] ON [Reviews] ([MovieId]);
2026-09-03 13:53:19.430 +03:00 [INF] Executed DbCommand (0ms) [Parameters=[], CommandType='"Text"', CommandTimeout='30']
CREATE UNIQUE INDEX [IX_Reviews_UserId_MovieId] ON [Reviews] ([UserId], [MovieId]);
2026-09-03 13:53:19.431 +03:00 [INF] Executed DbCommand (0ms) [Parameters=[], CommandType='"Text"', CommandTimeout='30']
CREATE INDEX [IX_WatchHistories_MovieId] ON [WatchHistories] ([MovieId]);
2026-09-03 13:53:19.432 +03:00 [INF] Executed DbCommand (1ms) [Parameters=[], CommandType='"Text"', CommandTimeout='30']
CREATE INDEX [IX_WatchHistories_UserId_MovieId] ON [WatchHistories] ([UserId], [MovieId]);
2026-09-03 13:53:19.432 +03:00 [INF] Executed DbCommand (0ms) [Parameters=[], CommandType='"Text"', CommandTimeout='30']
CREATE INDEX [IX_WatchlistItems_MovieId] ON [WatchlistItems] ([MovieId]);
2026-09-03 13:53:19.433 +03:00 [INF] Executed DbCommand (0ms) [Parameters=[], CommandType='"Text"', CommandTimeout='30']
CREATE UNIQUE INDEX [IX_WatchlistItems_UserId_MovieId] ON [WatchlistItems] ([UserId], [MovieId]);
2026-09-03 13:53:19.435 +03:00 [INF] Executed DbCommand (2ms) [Parameters=[], CommandType='"Text"', CommandTimeout='30']
INSERT INTO [__EFMigrationsHistory] ([MigrationId], [ProductVersion])
VALUES (N'20260903104732_InitialCreate', N'8.0.19');
2026-09-03 15:42:02.633 +03:00 [INF] Executed DbCommand (11ms) [Parameters=[], CommandType='"Text"', CommandTimeout='30']
SELECT 1
2026-09-03 15:42:02.670 +03:00 [INF] Executed DbCommand (9ms) [Parameters=[], CommandType='"Text"', CommandTimeout='30']
SELECT OBJECT_ID(N'[__EFMigrationsHistory]');
2026-09-03 15:42:02.671 +03:00 [INF] Executed DbCommand (1ms) [Parameters=[], CommandType='"Text"', CommandTimeout='30']
SELECT 1
2026-09-03 15:42:02.671 +03:00 [INF] Executed DbCommand (0ms) [Parameters=[], CommandType='"Text"', CommandTimeout='30']
SELECT OBJECT_ID(N'[__EFMigrationsHistory]');
2026-09-03 15:42:02.686 +03:00 [INF] Executed DbCommand (7ms) [Parameters=[], CommandType='"Text"', CommandTimeout='30']
SELECT [MigrationId], [ProductVersion]
FROM [__EFMigrationsHistory]
ORDER BY [MigrationId];
2026-09-03 15:42:02.696 +03:00 [INF] Applying migration '20260903124106_AddOtpVerification'.
2026-09-03 15:42:02.755 +03:00 [INF] Executed DbCommand (4ms) [Parameters=[], CommandType='"Text"', CommandTimeout='30']
ALTER TABLE [Movies] DROP CONSTRAINT [FK_Movies_Genres_GenreId];
2026-09-03 15:42:02.757 +03:00 [INF] Executed DbCommand (2ms) [Parameters=[], CommandType='"Text"', CommandTimeout='30']
DROP INDEX [IX_Movies_GenreId] ON [Movies];
2026-09-03 15:42:02.802 +03:00 [INF] Executed DbCommand (45ms) [Parameters=[], CommandType='"Text"', CommandTimeout='30']
DECLARE @var0 sysname;
SELECT @var0 = [d].[name]
FROM [sys].[default_constraints] [d]
INNER JOIN [sys].[columns] [c] ON [d].[parent_column_id] = [c].[column_id] AND [d].[parent_object_id] = [c].[object_id]
WHERE ([d].[parent_object_id] = OBJECT_ID(N'[Movies]') AND [c].[name] = N'GenreId');
IF @var0 IS NOT NULL EXEC(N'ALTER TABLE [Movies] DROP CONSTRAINT [' + @var0 + '];');
ALTER TABLE [Movies] DROP COLUMN [GenreId];
2026-09-03 15:42:02.805 +03:00 [INF] Executed DbCommand (3ms) [Parameters=[], CommandType='"Text"', CommandTimeout='30']
CREATE TABLE [OtpVerifications] (
    [Id] int NOT NULL IDENTITY,
    [UserId] nvarchar(450) NOT NULL,
    [Email] nvarchar(256) NOT NULL,
    [CodeHash] nvarchar(200) NOT NULL,
    [ExpiresAt] datetime2 NOT NULL,
    [IsUsed] bit NOT NULL,
    [CreatedAt] datetime2 NOT NULL,
    CONSTRAINT [PK_OtpVerifications] PRIMARY KEY ([Id])
);
2026-09-03 15:42:02.806 +03:00 [INF] Executed DbCommand (1ms) [Parameters=[], CommandType='"Text"', CommandTimeout='30']
CREATE INDEX [IX_OtpVerifications_Email_CreatedAt] ON [OtpVerifications] ([Email], [CreatedAt]);
2026-09-03 15:42:02.807 +03:00 [INF] Executed DbCommand (1ms) [Parameters=[], CommandType='"Text"', CommandTimeout='30']
INSERT INTO [__EFMigrationsHistory] ([MigrationId], [ProductVersion])
VALUES (N'20260903124106_AddOtpVerification', N'8.0.19');
