2026-09-09 12:26:10.504 +03:00 [INF] [] User profile is available. Using 'C:\Users\aalhasani\AppData\Local\ASP.NET\DataProtection-Keys' as key repository and Windows DPAPI to encrypt keys at rest.
2026-09-09 12:26:10.755 +03:00 [INF] [] Now listening on: http://localhost:5155
2026-09-09 12:26:10.842 +03:00 [INF] [] Application started. Press Ctrl+C to shut down.
2026-09-09 12:26:10.842 +03:00 [INF] [] Hosting environment: Development
2026-09-09 12:26:10.842 +03:00 [INF] [] Content root path: C:\Abdulmajeed_Project\ASP.NETCore\MovieManager\MovieManager.UI
2026-09-09 12:26:11.324 +03:00 [INF] [] Request starting HTTP/1.1 GET http://localhost:5155/ - null null
2026-09-09 12:26:11.601 +03:00 [INF] [] HTTP GET / responded 404 in 108.2167 ms
2026-09-09 12:26:11.617 +03:00 [INF] [] Request finished HTTP/1.1 GET http://localhost:5155/ - 404 null null 311.3071ms
2026-09-09 12:26:11.620 +03:00 [INF] [] Request reached the end of the middleware pipeline without being handled by application code. Request path: GET http://localhost:5155/, Response status code: 404
2026-09-09 12:27:26.560 +03:00 [INF] [] Request starting HTTP/1.1 POST http://localhost:5155/api/v1/auth/register - application/json 158
2026-09-09 12:27:26.594 +03:00 [INF] [] Executing endpoint 'MJDVerse.API.Controllers.AuthController.Register (MJDVerse.API)'
2026-09-09 12:27:26.700 +03:00 [INF] [] Route matched with {action = "Register", controller = "Auth"}. Executing controller action with signature System.Threading.Tasks.Task`1[Microsoft.AspNetCore.Mvc.IActionResult] Register(MJDVerse.Application.DTOs.Auth.RegisterRequestDto) on controller MJDVerse.API.Controllers.AuthController (MJDVerse.API).
2026-09-09 12:27:29.842 +03:00 [INF] [] Executed DbCommand (61ms) [Parameters=[@__normalizedUserName_0='?' (Size = 256)], CommandType='"Text"', CommandTimeout='30']
SELECT TOP(1) [a].[Id], [a].[AccessFailedCount], [a].[ConcurrencyStamp], [a].[Email], [a].[EmailConfirmed], [a].[LockoutEnabled], [a].[LockoutEnd], [a].[NormalizedEmail], [a].[NormalizedUserName], [a].[PasswordHash], [a].[PhoneNumber], [a].[PhoneNumberConfirmed], [a].[SecurityStamp], [a].[TwoFactorEnabled], [a].[UserName]
FROM [AspNetUsers] AS [a]
WHERE [a].[NormalizedUserName] = @__normalizedUserName_0
2026-09-09 12:27:30.017 +03:00 [INF] [] Executed DbCommand (7ms) [Parameters=[@p0='?' (Size = 450), @p1='?' (DbType = Int32), @p2='?' (Size = 4000), @p3='?' (Size = 256), @p4='?' (DbType = Boolean), @p5='?' (DbType = Boolean), @p6='?' (DbType = DateTimeOffset), @p7='?' (Size = 256), @p8='?' (Size = 256), @p9='?' (Size = 4000), @p10='?' (Size = 4000), @p11='?' (DbType = Boolean), @p12='?' (Size = 4000), @p13='?' (DbType = Boolean), @p14='?' (Size = 256)], CommandType='"Text"', CommandTimeout='30']
SET IMPLICIT_TRANSACTIONS OFF;
SET NOCOUNT ON;
INSERT INTO [AspNetUsers] ([Id], [AccessFailedCount], [ConcurrencyStamp], [Email], [EmailConfirmed], [LockoutEnabled], [LockoutEnd], [NormalizedEmail], [NormalizedUserName], [PasswordHash], [PhoneNumber], [PhoneNumberConfirmed], [SecurityStamp], [TwoFactorEnabled], [UserName])
VALUES (@p0, @p1, @p2, @p3, @p4, @p5, @p6, @p7, @p8, @p9, @p10, @p11, @p12, @p13, @p14);
2026-09-09 12:27:30.085 +03:00 [ERR] [] Failed executing DbCommand (10ms) [Parameters=[@p0='?' (Size = 200), @p1='?' (DbType = DateTime2), @p2='?' (Size = 256), @p3='?' (DbType = DateTime2), @p4='?' (DbType = Boolean), @p5='?' (DbType = Int32), @p6='?' (Size = 450)], CommandType='"Text"', CommandTimeout='30']
SET IMPLICIT_TRANSACTIONS OFF;
SET NOCOUNT ON;
INSERT INTO [OtpVerifications] ([CodeHash], [CreatedAt], [Email], [ExpiresAt], [IsUsed], [Purpose], [UserId])
OUTPUT INSERTED.[Id]
VALUES (@p0, @p1, @p2, @p3, @p4, @p5, @p6);
2026-09-09 12:27:30.101 +03:00 [ERR] [] An exception occurred in the database while saving changes for context type 'MJDVerse.Infrastructure.Context.AppDbContext'.
Microsoft.EntityFrameworkCore.DbUpdateException: An error occurred while saving the entity changes. See the inner exception for details.
 ---> Microsoft.Data.SqlClient.SqlException (0x80131904): Invalid column name 'Purpose'.
   at Microsoft.Data.SqlClient.SqlCommand.<>c.<ExecuteDbDataReaderAsync>b__211_0(Task`1 result)
   at System.Threading.Tasks.ContinuationResultTaskFromResultTask`2.InnerInvoke()
   at System.Threading.ExecutionContext.RunInternal(ExecutionContext executionContext, ContextCallback callback, Object state)
--- End of stack trace from previous location ---
   at System.Threading.ExecutionContext.RunInternal(ExecutionContext executionContext, ContextCallback callback, Object state)
   at System.Threading.Tasks.Task.ExecuteWithThreadLocal(Task& currentTaskSlot, Thread threadPoolThread)
--- End of stack trace from previous location ---
   at Microsoft.EntityFrameworkCore.Storage.RelationalCommand.ExecuteReaderAsync(RelationalCommandParameterObject parameterObject, CancellationToken cancellationToken)
   at Microsoft.EntityFrameworkCore.Storage.RelationalCommand.ExecuteReaderAsync(RelationalCommandParameterObject parameterObject, CancellationToken cancellationToken)
   at Microsoft.EntityFrameworkCore.Update.ReaderModificationCommandBatch.ExecuteAsync(IRelationalConnection connection, CancellationToken cancellationToken)
ClientConnectionId:b64cd3b4-2941-4a3f-a708-64639b085437
Error Number:207,State:1,Class:16
   --- End of inner exception stack trace ---
   at Microsoft.EntityFrameworkCore.Update.ReaderModificationCommandBatch.ExecuteAsync(IRelationalConnection connection, CancellationToken cancellationToken)
   at Microsoft.EntityFrameworkCore.SqlServer.Update.Internal.SqlServerModificationCommandBatch.ExecuteAsync(IRelationalConnection connection, CancellationToken cancellationToken)
   at Microsoft.EntityFrameworkCore.Update.Internal.BatchExecutor.ExecuteAsync(IEnumerable`1 commandBatches, IRelationalConnection connection, CancellationToken cancellationToken)
   at Microsoft.EntityFrameworkCore.Update.Internal.BatchExecutor.ExecuteAsync(IEnumerable`1 commandBatches, IRelationalConnection connection, CancellationToken cancellationToken)
   at Microsoft.EntityFrameworkCore.Update.Internal.BatchExecutor.ExecuteAsync(IEnumerable`1 commandBatches, IRelationalConnection connection, CancellationToken cancellationToken)
   at Microsoft.EntityFrameworkCore.ChangeTracking.Internal.StateManager.SaveChangesAsync(IList`1 entriesToSave, CancellationToken cancellationToken)
   at Microsoft.EntityFrameworkCore.ChangeTracking.Internal.StateManager.SaveChangesAsync(StateManager stateManager, Boolean acceptAllChangesOnSuccess, CancellationToken cancellationToken)
   at Microsoft.EntityFrameworkCore.SqlServer.Storage.Internal.SqlServerExecutionStrategy.ExecuteAsync[TState,TResult](TState state, Func`4 operation, Func`4 verifySucceeded, CancellationToken cancellationToken)
   at Microsoft.EntityFrameworkCore.DbContext.SaveChangesAsync(Boolean acceptAllChangesOnSuccess, CancellationToken cancellationToken)
Microsoft.EntityFrameworkCore.DbUpdateException: An error occurred while saving the entity changes. See the inner exception for details.
 ---> Microsoft.Data.SqlClient.SqlException (0x80131904): Invalid column name 'Purpose'.
   at Microsoft.Data.SqlClient.SqlCommand.<>c.<ExecuteDbDataReaderAsync>b__211_0(Task`1 result)
   at System.Threading.Tasks.ContinuationResultTaskFromResultTask`2.InnerInvoke()
   at System.Threading.ExecutionContext.RunInternal(ExecutionContext executionContext, ContextCallback callback, Object state)
--- End of stack trace from previous location ---
   at System.Threading.ExecutionContext.RunInternal(ExecutionContext executionContext, ContextCallback callback, Object state)
   at System.Threading.Tasks.Task.ExecuteWithThreadLocal(Task& currentTaskSlot, Thread threadPoolThread)
--- End of stack trace from previous location ---
   at Microsoft.EntityFrameworkCore.Storage.RelationalCommand.ExecuteReaderAsync(RelationalCommandParameterObject parameterObject, CancellationToken cancellationToken)
   at Microsoft.EntityFrameworkCore.Storage.RelationalCommand.ExecuteReaderAsync(RelationalCommandParameterObject parameterObject, CancellationToken cancellationToken)
   at Microsoft.EntityFrameworkCore.Update.ReaderModificationCommandBatch.ExecuteAsync(IRelationalConnection connection, CancellationToken cancellationToken)
ClientConnectionId:b64cd3b4-2941-4a3f-a708-64639b085437
Error Number:207,State:1,Class:16
   --- End of inner exception stack trace ---
   at Microsoft.EntityFrameworkCore.Update.ReaderModificationCommandBatch.ExecuteAsync(IRelationalConnection connection, CancellationToken cancellationToken)
   at Microsoft.EntityFrameworkCore.SqlServer.Update.Internal.SqlServerModificationCommandBatch.ExecuteAsync(IRelationalConnection connection, CancellationToken cancellationToken)
   at Microsoft.EntityFrameworkCore.Update.Internal.BatchExecutor.ExecuteAsync(IEnumerable`1 commandBatches, IRelationalConnection connection, CancellationToken cancellationToken)
   at Microsoft.EntityFrameworkCore.Update.Internal.BatchExecutor.ExecuteAsync(IEnumerable`1 commandBatches, IRelationalConnection connection, CancellationToken cancellationToken)
   at Microsoft.EntityFrameworkCore.Update.Internal.BatchExecutor.ExecuteAsync(IEnumerable`1 commandBatches, IRelationalConnection connection, CancellationToken cancellationToken)
   at Microsoft.EntityFrameworkCore.ChangeTracking.Internal.StateManager.SaveChangesAsync(IList`1 entriesToSave, CancellationToken cancellationToken)
   at Microsoft.EntityFrameworkCore.ChangeTracking.Internal.StateManager.SaveChangesAsync(StateManager stateManager, Boolean acceptAllChangesOnSuccess, CancellationToken cancellationToken)
   at Microsoft.EntityFrameworkCore.SqlServer.Storage.Internal.SqlServerExecutionStrategy.ExecuteAsync[TState,TResult](TState state, Func`4 operation, Func`4 verifySucceeded, CancellationToken cancellationToken)
   at Microsoft.EntityFrameworkCore.DbContext.SaveChangesAsync(Boolean acceptAllChangesOnSuccess, CancellationToken cancellationToken)
2026-09-09 12:27:30.266 +03:00 [INF] [] Executed action MJDVerse.API.Controllers.AuthController.Register (MJDVerse.API) in 3563.6447ms
2026-09-09 12:27:30.268 +03:00 [INF] [] Executed endpoint 'MJDVerse.API.Controllers.AuthController.Register (MJDVerse.API)'
2026-09-09 12:27:30.270 +03:00 [ERR] [] HTTP POST /api/v1/auth/register responded 500 in 3709.1079 ms
Microsoft.EntityFrameworkCore.DbUpdateException: An error occurred while saving the entity changes. See the inner exception for details.
 ---> Microsoft.Data.SqlClient.SqlException (0x80131904): Invalid column name 'Purpose'.
   at Microsoft.Data.SqlClient.SqlCommand.<>c.<ExecuteDbDataReaderAsync>b__211_0(Task`1 result)
   at System.Threading.Tasks.ContinuationResultTaskFromResultTask`2.InnerInvoke()
   at System.Threading.ExecutionContext.RunInternal(ExecutionContext executionContext, ContextCallback callback, Object state)
--- End of stack trace from previous location ---
   at System.Threading.ExecutionContext.RunInternal(ExecutionContext executionContext, ContextCallback callback, Object state)
   at System.Threading.Tasks.Task.ExecuteWithThreadLocal(Task& currentTaskSlot, Thread threadPoolThread)
--- End of stack trace from previous location ---
   at Microsoft.EntityFrameworkCore.Storage.RelationalCommand.ExecuteReaderAsync(RelationalCommandParameterObject parameterObject, CancellationToken cancellationToken)
   at Microsoft.EntityFrameworkCore.Storage.RelationalCommand.ExecuteReaderAsync(RelationalCommandParameterObject parameterObject, CancellationToken cancellationToken)
   at Microsoft.EntityFrameworkCore.Update.ReaderModificationCommandBatch.ExecuteAsync(IRelationalConnection connection, CancellationToken cancellationToken)
ClientConnectionId:b64cd3b4-2941-4a3f-a708-64639b085437
Error Number:207,State:1,Class:16
   --- End of inner exception stack trace ---
   at Microsoft.EntityFrameworkCore.Update.ReaderModificationCommandBatch.ExecuteAsync(IRelationalConnection connection, CancellationToken cancellationToken)
   at Microsoft.EntityFrameworkCore.SqlServer.Update.Internal.SqlServerModificationCommandBatch.ExecuteAsync(IRelationalConnection connection, CancellationToken cancellationToken)
   at Microsoft.EntityFrameworkCore.Update.Internal.BatchExecutor.ExecuteAsync(IEnumerable`1 commandBatches, IRelationalConnection connection, CancellationToken cancellationToken)
   at Microsoft.EntityFrameworkCore.Update.Internal.BatchExecutor.ExecuteAsync(IEnumerable`1 commandBatches, IRelationalConnection connection, CancellationToken cancellationToken)
   at Microsoft.EntityFrameworkCore.Update.Internal.BatchExecutor.ExecuteAsync(IEnumerable`1 commandBatches, IRelationalConnection connection, CancellationToken cancellationToken)
   at Microsoft.EntityFrameworkCore.ChangeTracking.Internal.StateManager.SaveChangesAsync(IList`1 entriesToSave, CancellationToken cancellationToken)
   at Microsoft.EntityFrameworkCore.ChangeTracking.Internal.StateManager.SaveChangesAsync(StateManager stateManager, Boolean acceptAllChangesOnSuccess, CancellationToken cancellationToken)
   at Microsoft.EntityFrameworkCore.SqlServer.Storage.Internal.SqlServerExecutionStrategy.ExecuteAsync[TState,TResult](TState state, Func`4 operation, Func`4 verifySucceeded, CancellationToken cancellationToken)
   at Microsoft.EntityFrameworkCore.DbContext.SaveChangesAsync(Boolean acceptAllChangesOnSuccess, CancellationToken cancellationToken)
   at Microsoft.EntityFrameworkCore.DbContext.SaveChangesAsync(Boolean acceptAllChangesOnSuccess, CancellationToken cancellationToken)
   at MJDVerse.Infrastructure.Repositories.OtpRepository.SaveChangesAsync() in C:\Abdulmajeed_Project\ASP.NETCore\MovieManager\MovieManager.Infrastructure\Repositories\OtpRepository.cs:line 47
   at MJDVerse.Application.Services.AuthService.RegisterAsync(RegisterRequestDto request) in C:\Abdulmajeed_Project\ASP.NETCore\MovieManager\MovieManager.Core\Services\AuthService.cs:line 73
   at MJDVerse.API.Controllers.AuthController.Register(RegisterRequestDto request) in C:\Abdulmajeed_Project\ASP.NETCore\MovieManager\MovieManager.UI\Controllers\AuthController.cs:line 22
   at Microsoft.AspNetCore.Mvc.Infrastructure.ActionMethodExecutor.TaskOfIActionResultExecutor.Execute(ActionContext actionContext, IActionResultTypeMapper mapper, ObjectMethodExecutor executor, Object controller, Object[] arguments)
   at Microsoft.AspNetCore.Mvc.Infrastructure.ControllerActionInvoker.<InvokeActionMethodAsync>g__Awaited|12_0(ControllerActionInvoker invoker, ValueTask`1 actionResultValueTask)
   at Microsoft.AspNetCore.Mvc.Infrastructure.ControllerActionInvoker.<InvokeNextActionFilterAsync>g__Awaited|10_0(ControllerActionInvoker invoker, Task lastTask, State next, Scope scope, Object state, Boolean isCompleted)
   at Microsoft.AspNetCore.Mvc.Infrastructure.ControllerActionInvoker.Rethrow(ActionExecutedContextSealed context)
   at Microsoft.AspNetCore.Mvc.Infrastructure.ControllerActionInvoker.Next(State& next, Scope& scope, Object& state, Boolean& isCompleted)
   at Microsoft.AspNetCore.Mvc.Infrastructure.ControllerActionInvoker.<InvokeInnerFilterAsync>g__Awaited|13_0(ControllerActionInvoker invoker, Task lastTask, State next, Scope scope, Object state, Boolean isCompleted)
   at Microsoft.AspNetCore.Mvc.Infrastructure.ResourceInvoker.<InvokeFilterPipelineAsync>g__Awaited|20_0(ResourceInvoker invoker, Task lastTask, State next, Scope scope, Object state, Boolean isCompleted)
   at Microsoft.AspNetCore.Mvc.Infrastructure.ResourceInvoker.<InvokeAsync>g__Logged|17_1(ResourceInvoker invoker)
   at Microsoft.AspNetCore.Mvc.Infrastructure.ResourceInvoker.<InvokeAsync>g__Logged|17_1(ResourceInvoker invoker)
   at Microsoft.AspNetCore.Routing.EndpointMiddleware.<Invoke>g__AwaitRequestTask|7_0(Endpoint endpoint, Task requestTask, ILogger logger)
   at Microsoft.AspNetCore.Authorization.AuthorizationMiddleware.Invoke(HttpContext context)
   at Microsoft.AspNetCore.Authentication.AuthenticationMiddleware.Invoke(HttpContext context)
   at Serilog.AspNetCore.RequestLoggingMiddleware.Invoke(HttpContext httpContext)
2026-09-09 12:27:30.456 +03:00 [INF] [] Request finished HTTP/1.1 POST http://localhost:5155/api/v1/auth/register - 500 null application/json 3895.8726ms
2026-09-09 12:29:12.278 +03:00 [INF] [] Request starting HTTP/1.1 POST http://localhost:5155/api/v1/auth/register - application/json 165
2026-09-09 12:29:12.290 +03:00 [INF] [] Executing endpoint 'MJDVerse.API.Controllers.AuthController.Register (MJDVerse.API)'
2026-09-09 12:29:12.291 +03:00 [INF] [] Route matched with {action = "Register", controller = "Auth"}. Executing controller action with signature System.Threading.Tasks.Task`1[Microsoft.AspNetCore.Mvc.IActionResult] Register(MJDVerse.Application.DTOs.Auth.RegisterRequestDto) on controller MJDVerse.API.Controllers.AuthController (MJDVerse.API).
2026-09-09 12:29:12.418 +03:00 [INF] [] Executed DbCommand (10ms) [Parameters=[@__normalizedUserName_0='?' (Size = 256)], CommandType='"Text"', CommandTimeout='30']
SELECT TOP(1) [a].[Id], [a].[AccessFailedCount], [a].[ConcurrencyStamp], [a].[Email], [a].[EmailConfirmed], [a].[LockoutEnabled], [a].[LockoutEnd], [a].[NormalizedEmail], [a].[NormalizedUserName], [a].[PasswordHash], [a].[PhoneNumber], [a].[PhoneNumberConfirmed], [a].[SecurityStamp], [a].[TwoFactorEnabled], [a].[UserName]
FROM [AspNetUsers] AS [a]
WHERE [a].[NormalizedUserName] = @__normalizedUserName_0
2026-09-09 12:29:12.432 +03:00 [INF] [] Executing BadRequestObjectResult, writing value of type 'System.String'.
2026-09-09 12:29:12.433 +03:00 [INF] [] Executed action MJDVerse.API.Controllers.AuthController.Register (MJDVerse.API) in 142.3224ms
2026-09-09 12:29:12.433 +03:00 [INF] [] Executed endpoint 'MJDVerse.API.Controllers.AuthController.Register (MJDVerse.API)'
2026-09-09 12:29:12.433 +03:00 [INF] [] HTTP POST /api/v1/auth/register responded 400 in 151.4662 ms
2026-09-09 12:29:12.433 +03:00 [INF] [] Request finished HTTP/1.1 POST http://localhost:5155/api/v1/auth/register - 400 null text/plain; charset=utf-8 157.1722ms
2026-09-09 12:29:21.989 +03:00 [INF] [] Request starting HTTP/1.1 POST http://localhost:5155/api/v1/auth/register - application/json 165
2026-09-09 12:29:21.989 +03:00 [INF] [] Executing endpoint 'MJDVerse.API.Controllers.AuthController.Register (MJDVerse.API)'
2026-09-09 12:29:21.990 +03:00 [INF] [] Route matched with {action = "Register", controller = "Auth"}. Executing controller action with signature System.Threading.Tasks.Task`1[Microsoft.AspNetCore.Mvc.IActionResult] Register(MJDVerse.Application.DTOs.Auth.RegisterRequestDto) on controller MJDVerse.API.Controllers.AuthController (MJDVerse.API).
2026-09-09 12:29:22.079 +03:00 [INF] [] Executed DbCommand (2ms) [Parameters=[@__normalizedUserName_0='?' (Size = 256)], CommandType='"Text"', CommandTimeout='30']
SELECT TOP(1) [a].[Id], [a].[AccessFailedCount], [a].[ConcurrencyStamp], [a].[Email], [a].[EmailConfirmed], [a].[LockoutEnabled], [a].[LockoutEnd], [a].[NormalizedEmail], [a].[NormalizedUserName], [a].[PasswordHash], [a].[PhoneNumber], [a].[PhoneNumberConfirmed], [a].[SecurityStamp], [a].[TwoFactorEnabled], [a].[UserName]
FROM [AspNetUsers] AS [a]
WHERE [a].[NormalizedUserName] = @__normalizedUserName_0
2026-09-09 12:29:22.081 +03:00 [INF] [] Executing BadRequestObjectResult, writing value of type 'System.String'.
2026-09-09 12:29:22.082 +03:00 [INF] [] Executed action MJDVerse.API.Controllers.AuthController.Register (MJDVerse.API) in 92.0045ms
2026-09-09 12:29:22.082 +03:00 [INF] [] Executed endpoint 'MJDVerse.API.Controllers.AuthController.Register (MJDVerse.API)'
2026-09-09 12:29:22.082 +03:00 [INF] [] HTTP POST /api/v1/auth/register responded 400 in 92.4923 ms
2026-09-09 12:29:22.082 +03:00 [INF] [] Request finished HTTP/1.1 POST http://localhost:5155/api/v1/auth/register - 400 null text/plain; charset=utf-8 93.4214ms
2026-09-09 13:58:52.877 +03:00 [INF] [] User profile is available. Using 'C:\Users\aalhasani\AppData\Local\ASP.NET\DataProtection-Keys' as key repository and Windows DPAPI to encrypt keys at rest.
2026-09-09 13:58:53.010 +03:00 [INF] [] Now listening on: http://localhost:5155
2026-09-09 13:58:53.091 +03:00 [INF] [] Application started. Press Ctrl+C to shut down.
2026-09-09 13:58:53.091 +03:00 [INF] [] Hosting environment: Development
2026-09-09 13:58:53.091 +03:00 [INF] [] Content root path: C:\Abdulmajeed_Project\ASP.NETCore\MovieManager\MovieManager.UI
2026-09-09 13:58:53.463 +03:00 [INF] [] Request starting HTTP/1.1 GET http://localhost:5155/ - null null
2026-09-09 13:58:53.680 +03:00 [INF] [] HTTP GET / responded 404 in 76.4483 ms
2026-09-09 13:58:53.692 +03:00 [INF] [] Request finished HTTP/1.1 GET http://localhost:5155/ - 404 null null 238.9321ms
2026-09-09 13:58:53.694 +03:00 [INF] [] Request reached the end of the middleware pipeline without being handled by application code. Request path: GET http://localhost:5155/, Response status code: 404
2026-09-09 13:59:15.495 +03:00 [INF] [] Request starting HTTP/1.1 POST http://localhost:5155/api/v1/auth/register - application/json 165
2026-09-09 13:59:15.509 +03:00 [INF] [] Executing endpoint 'MJDVerse.API.Controllers.AuthController.Register (MJDVerse.API)'
2026-09-09 13:59:15.561 +03:00 [INF] [] Route matched with {action = "Register", controller = "Auth"}. Executing controller action with signature System.Threading.Tasks.Task`1[Microsoft.AspNetCore.Mvc.IActionResult] Register(MJDVerse.Application.DTOs.Auth.RegisterRequestDto) on controller MJDVerse.API.Controllers.AuthController (MJDVerse.API).
2026-09-09 13:59:17.907 +03:00 [INF] [] Executed DbCommand (54ms) [Parameters=[@__normalizedUserName_0='?' (Size = 256)], CommandType='"Text"', CommandTimeout='30']
SELECT TOP(1) [a].[Id], [a].[AccessFailedCount], [a].[ConcurrencyStamp], [a].[Email], [a].[EmailConfirmed], [a].[LockoutEnabled], [a].[LockoutEnd], [a].[NormalizedEmail], [a].[NormalizedUserName], [a].[PasswordHash], [a].[PhoneNumber], [a].[PhoneNumberConfirmed], [a].[SecurityStamp], [a].[TwoFactorEnabled], [a].[UserName]
FROM [AspNetUsers] AS [a]
WHERE [a].[NormalizedUserName] = @__normalizedUserName_0
2026-09-09 13:59:17.996 +03:00 [INF] [] Executing BadRequestObjectResult, writing value of type 'System.String'.
2026-09-09 13:59:18.000 +03:00 [INF] [] Executed action MJDVerse.API.Controllers.AuthController.Register (MJDVerse.API) in 2435.6254ms
2026-09-09 13:59:18.000 +03:00 [INF] [] Executed endpoint 'MJDVerse.API.Controllers.AuthController.Register (MJDVerse.API)'
2026-09-09 13:59:18.002 +03:00 [INF] [] HTTP POST /api/v1/auth/register responded 400 in 2505.6856 ms
2026-09-09 13:59:18.007 +03:00 [INF] [] Request finished HTTP/1.1 POST http://localhost:5155/api/v1/auth/register - 400 null text/plain; charset=utf-8 2517.1306ms
2026-09-09 14:01:56.601 +03:00 [INF] [] Request starting HTTP/1.1 POST http://localhost:5155/api/v1/auth/register - application/json 165
2026-09-09 14:01:56.609 +03:00 [INF] [] Executing endpoint 'MJDVerse.API.Controllers.AuthController.Register (MJDVerse.API)'
2026-09-09 14:01:56.610 +03:00 [INF] [] Route matched with {action = "Register", controller = "Auth"}. Executing controller action with signature System.Threading.Tasks.Task`1[Microsoft.AspNetCore.Mvc.IActionResult] Register(MJDVerse.Application.DTOs.Auth.RegisterRequestDto) on controller MJDVerse.API.Controllers.AuthController (MJDVerse.API).
2026-09-09 14:01:56.720 +03:00 [INF] [] Executed DbCommand (5ms) [Parameters=[@__normalizedUserName_0='?' (Size = 256)], CommandType='"Text"', CommandTimeout='30']
SELECT TOP(1) [a].[Id], [a].[AccessFailedCount], [a].[ConcurrencyStamp], [a].[Email], [a].[EmailConfirmed], [a].[LockoutEnabled], [a].[LockoutEnd], [a].[NormalizedEmail], [a].[NormalizedUserName], [a].[PasswordHash], [a].[PhoneNumber], [a].[PhoneNumberConfirmed], [a].[SecurityStamp], [a].[TwoFactorEnabled], [a].[UserName]
FROM [AspNetUsers] AS [a]
WHERE [a].[NormalizedUserName] = @__normalizedUserName_0
2026-09-09 14:01:56.721 +03:00 [INF] [] Executing BadRequestObjectResult, writing value of type 'System.String'.
2026-09-09 14:01:56.721 +03:00 [INF] [] Executed action MJDVerse.API.Controllers.AuthController.Register (MJDVerse.API) in 111.878ms
2026-09-09 14:01:56.722 +03:00 [INF] [] Executed endpoint 'MJDVerse.API.Controllers.AuthController.Register (MJDVerse.API)'
2026-09-09 14:01:56.722 +03:00 [INF] [] HTTP POST /api/v1/auth/register responded 400 in 118.7873 ms
2026-09-09 14:01:56.722 +03:00 [INF] [] Request finished HTTP/1.1 POST http://localhost:5155/api/v1/auth/register - 400 null text/plain; charset=utf-8 120.9597ms
2026-09-09 14:01:57.866 +03:00 [INF] [] Request starting HTTP/1.1 POST http://localhost:5155/api/v1/auth/register - application/json 165
2026-09-09 14:01:57.866 +03:00 [INF] [] Executing endpoint 'MJDVerse.API.Controllers.AuthController.Register (MJDVerse.API)'
2026-09-09 14:01:57.866 +03:00 [INF] [] Route matched with {action = "Register", controller = "Auth"}. Executing controller action with signature System.Threading.Tasks.Task`1[Microsoft.AspNetCore.Mvc.IActionResult] Register(MJDVerse.Application.DTOs.Auth.RegisterRequestDto) on controller MJDVerse.API.Controllers.AuthController (MJDVerse.API).
2026-09-09 14:01:57.945 +03:00 [INF] [] Executed DbCommand (1ms) [Parameters=[@__normalizedUserName_0='?' (Size = 256)], CommandType='"Text"', CommandTimeout='30']
SELECT TOP(1) [a].[Id], [a].[AccessFailedCount], [a].[ConcurrencyStamp], [a].[Email], [a].[EmailConfirmed], [a].[LockoutEnabled], [a].[LockoutEnd], [a].[NormalizedEmail], [a].[NormalizedUserName], [a].[PasswordHash], [a].[PhoneNumber], [a].[PhoneNumberConfirmed], [a].[SecurityStamp], [a].[TwoFactorEnabled], [a].[UserName]
FROM [AspNetUsers] AS [a]
WHERE [a].[NormalizedUserName] = @__normalizedUserName_0
2026-09-09 14:01:57.947 +03:00 [INF] [] Executing BadRequestObjectResult, writing value of type 'System.String'.
2026-09-09 14:01:57.947 +03:00 [INF] [] Executed action MJDVerse.API.Controllers.AuthController.Register (MJDVerse.API) in 80.4207ms
2026-09-09 14:01:57.947 +03:00 [INF] [] Executed endpoint 'MJDVerse.API.Controllers.AuthController.Register (MJDVerse.API)'
2026-09-09 14:01:57.947 +03:00 [INF] [] HTTP POST /api/v1/auth/register responded 400 in 80.7855 ms
2026-09-09 14:01:57.947 +03:00 [INF] [] Request finished HTTP/1.1 POST http://localhost:5155/api/v1/auth/register - 400 null text/plain; charset=utf-8 81.3185ms
2026-09-09 14:06:00.905 +03:00 [INF] [] User profile is available. Using 'C:\Users\aalhasani\AppData\Local\ASP.NET\DataProtection-Keys' as key repository and Windows DPAPI to encrypt keys at rest.
2026-09-09 14:06:01.031 +03:00 [INF] [] Now listening on: http://localhost:5155
2026-09-09 14:06:01.117 +03:00 [INF] [] Application started. Press Ctrl+C to shut down.
2026-09-09 14:06:01.117 +03:00 [INF] [] Hosting environment: Development
2026-09-09 14:06:01.117 +03:00 [INF] [] Content root path: C:\Abdulmajeed_Project\ASP.NETCore\MovieManager\MovieManager.UI
2026-09-09 14:06:01.203 +03:00 [INF] [] Request starting HTTP/1.1 GET http://localhost:5155/ - null null
2026-09-09 14:06:01.375 +03:00 [INF] [] HTTP GET / responded 404 in 70.9114 ms
2026-09-09 14:06:01.388 +03:00 [INF] [] Request finished HTTP/1.1 GET http://localhost:5155/ - 404 null null 197.031ms
2026-09-09 14:06:01.391 +03:00 [INF] [] Request reached the end of the middleware pipeline without being handled by application code. Request path: GET http://localhost:5155/, Response status code: 404
2026-09-09 14:06:13.335 +03:00 [INF] [] Request starting HTTP/1.1 POST http://localhost:5155/api/v1/auth/register - application/json 165
2026-09-09 14:06:13.345 +03:00 [INF] [] Executing endpoint 'MJDVerse.API.Controllers.AuthController.Register (MJDVerse.API)'
2026-09-09 14:06:13.384 +03:00 [INF] [] Route matched with {action = "Register", controller = "Auth"}. Executing controller action with signature System.Threading.Tasks.Task`1[Microsoft.AspNetCore.Mvc.IActionResult] Register(MJDVerse.Application.DTOs.Auth.RegisterRequestDto) on controller MJDVerse.API.Controllers.AuthController (MJDVerse.API).
2026-09-09 14:06:14.804 +03:00 [INF] [] Executed DbCommand (50ms) [Parameters=[@__normalizedUserName_0='?' (Size = 256)], CommandType='"Text"', CommandTimeout='30']
SELECT TOP(1) [a].[Id], [a].[AccessFailedCount], [a].[ConcurrencyStamp], [a].[Email], [a].[EmailConfirmed], [a].[LockoutEnabled], [a].[LockoutEnd], [a].[NormalizedEmail], [a].[NormalizedUserName], [a].[PasswordHash], [a].[PhoneNumber], [a].[PhoneNumberConfirmed], [a].[SecurityStamp], [a].[TwoFactorEnabled], [a].[UserName]
FROM [AspNetUsers] AS [a]
WHERE [a].[NormalizedUserName] = @__normalizedUserName_0
2026-09-09 14:06:14.890 +03:00 [INF] [] Executing BadRequestObjectResult, writing value of type 'System.String'.
2026-09-09 14:06:14.893 +03:00 [INF] [] Executed action MJDVerse.API.Controllers.AuthController.Register (MJDVerse.API) in 1507.2548ms
2026-09-09 14:06:14.893 +03:00 [INF] [] Executed endpoint 'MJDVerse.API.Controllers.AuthController.Register (MJDVerse.API)'
2026-09-09 14:06:14.894 +03:00 [INF] [] HTTP POST /api/v1/auth/register responded 400 in 1558.8491 ms
2026-09-09 14:06:14.900 +03:00 [INF] [] Request finished HTTP/1.1 POST http://localhost:5155/api/v1/auth/register - 400 null text/plain; charset=utf-8 1565.5881ms
2026-09-09 14:08:05.205 +03:00 [INF] [] User profile is available. Using 'C:\Users\aalhasani\AppData\Local\ASP.NET\DataProtection-Keys' as key repository and Windows DPAPI to encrypt keys at rest.
2026-09-09 14:08:05.359 +03:00 [INF] [] Now listening on: http://localhost:5155
2026-09-09 14:08:05.435 +03:00 [INF] [] Application started. Press Ctrl+C to shut down.
2026-09-09 14:08:05.435 +03:00 [INF] [] Hosting environment: Development
2026-09-09 14:08:05.435 +03:00 [INF] [] Content root path: C:\Abdulmajeed_Project\ASP.NETCore\MovieManager\MovieManager.UI
2026-09-09 14:08:05.703 +03:00 [INF] [] Request starting HTTP/1.1 GET http://localhost:5155/ - null null
2026-09-09 14:08:05.879 +03:00 [INF] [] HTTP GET / responded 404 in 79.5787 ms
2026-09-09 14:08:05.892 +03:00 [INF] [] Request finished HTTP/1.1 GET http://localhost:5155/ - 404 null null 202.4883ms
2026-09-09 14:08:05.894 +03:00 [INF] [] Request reached the end of the middleware pipeline without being handled by application code. Request path: GET http://localhost:5155/, Response status code: 404
2026-09-09 14:08:29.940 +03:00 [INF] [] Request starting HTTP/1.1 GET http://localhost:5155/api/v1/auth/register - null null
2026-09-09 14:08:29.956 +03:00 [INF] [] Executing endpoint '405 HTTP Method Not Supported'
2026-09-09 14:08:29.961 +03:00 [INF] [] Executed endpoint '405 HTTP Method Not Supported'
2026-09-09 14:08:29.961 +03:00 [INF] [] HTTP GET /api/v1/auth/register responded 405 in 17.5612 ms
2026-09-09 14:08:29.961 +03:00 [INF] [] Request finished HTTP/1.1 GET http://localhost:5155/api/v1/auth/register - 405 null null 25.7379ms
2026-09-09 14:08:32.194 +03:00 [INF] [] Request starting HTTP/1.1 GET http://localhost:5155/api/v1/auth/register - null null
2026-09-09 14:08:32.199 +03:00 [INF] [] Executing endpoint '405 HTTP Method Not Supported'
2026-09-09 14:08:32.200 +03:00 [INF] [] Executed endpoint '405 HTTP Method Not Supported'
2026-09-09 14:08:32.200 +03:00 [INF] [] HTTP GET /api/v1/auth/register responded 405 in 4.0038 ms
2026-09-09 14:08:32.200 +03:00 [INF] [] Request finished HTTP/1.1 GET http://localhost:5155/api/v1/auth/register - 405 null null 5.7751ms
2026-09-09 14:08:35.942 +03:00 [INF] [] Request starting HTTP/1.1 POST http://localhost:5155/api/v1/auth/register - application/json 165
2026-09-09 14:08:35.943 +03:00 [INF] [] Executing endpoint 'MJDVerse.API.Controllers.AuthController.Register (MJDVerse.API)'
2026-09-09 14:08:35.976 +03:00 [INF] [] Route matched with {action = "Register", controller = "Auth"}. Executing controller action with signature System.Threading.Tasks.Task`1[Microsoft.AspNetCore.Mvc.IActionResult] Register(MJDVerse.Application.DTOs.Auth.RegisterRequestDto) on controller MJDVerse.API.Controllers.AuthController (MJDVerse.API).
2026-09-09 14:08:37.429 +03:00 [INF] [] Executed DbCommand (63ms) [Parameters=[@__normalizedUserName_0='?' (Size = 256)], CommandType='"Text"', CommandTimeout='30']
SELECT TOP(1) [a].[Id], [a].[AccessFailedCount], [a].[ConcurrencyStamp], [a].[Email], [a].[EmailConfirmed], [a].[LockoutEnabled], [a].[LockoutEnd], [a].[NormalizedEmail], [a].[NormalizedUserName], [a].[PasswordHash], [a].[PhoneNumber], [a].[PhoneNumberConfirmed], [a].[SecurityStamp], [a].[TwoFactorEnabled], [a].[UserName]
FROM [AspNetUsers] AS [a]
WHERE [a].[NormalizedUserName] = @__normalizedUserName_0
2026-09-09 14:08:37.536 +03:00 [INF] [] Executing BadRequestObjectResult, writing value of type 'System.String'.
2026-09-09 14:08:37.541 +03:00 [INF] [] Executed action MJDVerse.API.Controllers.AuthController.Register (MJDVerse.API) in 1561.3928ms
2026-09-09 14:08:37.541 +03:00 [INF] [] Executed endpoint 'MJDVerse.API.Controllers.AuthController.Register (MJDVerse.API)'
2026-09-09 14:08:37.542 +03:00 [INF] [] HTTP POST /api/v1/auth/register responded 400 in 1599.8829 ms
2026-09-09 14:08:37.548 +03:00 [INF] [] Request finished HTTP/1.1 POST http://localhost:5155/api/v1/auth/register - 400 null text/plain; charset=utf-8 1606.4433ms
2026-09-09 14:08:38.317 +03:00 [INF] [] Request starting HTTP/1.1 GET http://localhost:5155/api/v1/auth/register - null null
2026-09-09 14:08:38.320 +03:00 [INF] [] Executing endpoint '405 HTTP Method Not Supported'
2026-09-09 14:08:38.320 +03:00 [INF] [] Executed endpoint '405 HTTP Method Not Supported'
2026-09-09 14:08:38.320 +03:00 [INF] [] HTTP GET /api/v1/auth/register responded 405 in 0.5430 ms
2026-09-09 14:08:38.321 +03:00 [INF] [] Request finished HTTP/1.1 GET http://localhost:5155/api/v1/auth/register - 405 null null 3.6703ms
2026-09-09 14:09:01.973 +03:00 [INF] [] Request starting HTTP/1.1 GET http://localhost:5155/api/v1/auth/register - null null
2026-09-09 14:09:01.980 +03:00 [INF] [] Executing endpoint '405 HTTP Method Not Supported'
2026-09-09 14:09:01.981 +03:00 [INF] [] Executed endpoint '405 HTTP Method Not Supported'
2026-09-09 14:09:01.981 +03:00 [INF] [] HTTP GET /api/v1/auth/register responded 405 in 1.6006 ms
2026-09-09 14:09:01.981 +03:00 [INF] [] Request finished HTTP/1.1 GET http://localhost:5155/api/v1/auth/register - 405 null null 7.6007ms
2026-09-09 14:09:40.180 +03:00 [INF] [] Request starting HTTP/1.1 POST http://localhost:5155/api/v1/auth/register - application/json 165
2026-09-09 14:09:40.183 +03:00 [INF] [] Executing endpoint 'MJDVerse.API.Controllers.AuthController.Register (MJDVerse.API)'
2026-09-09 14:09:40.183 +03:00 [INF] [] Route matched with {action = "Register", controller = "Auth"}. Executing controller action with signature System.Threading.Tasks.Task`1[Microsoft.AspNetCore.Mvc.IActionResult] Register(MJDVerse.Application.DTOs.Auth.RegisterRequestDto) on controller MJDVerse.API.Controllers.AuthController (MJDVerse.API).
2026-09-09 14:09:40.298 +03:00 [INF] [] Executed DbCommand (3ms) [Parameters=[@__normalizedUserName_0='?' (Size = 256)], CommandType='"Text"', CommandTimeout='30']
SELECT TOP(1) [a].[Id], [a].[AccessFailedCount], [a].[ConcurrencyStamp], [a].[Email], [a].[EmailConfirmed], [a].[LockoutEnabled], [a].[LockoutEnd], [a].[NormalizedEmail], [a].[NormalizedUserName], [a].[PasswordHash], [a].[PhoneNumber], [a].[PhoneNumberConfirmed], [a].[SecurityStamp], [a].[TwoFactorEnabled], [a].[UserName]
FROM [AspNetUsers] AS [a]
WHERE [a].[NormalizedUserName] = @__normalizedUserName_0
2026-09-09 14:09:40.299 +03:00 [INF] [] Executing BadRequestObjectResult, writing value of type 'System.String'.
2026-09-09 14:09:40.300 +03:00 [INF] [] Executed action MJDVerse.API.Controllers.AuthController.Register (MJDVerse.API) in 116.4536ms
2026-09-09 14:09:40.300 +03:00 [INF] [] Executed endpoint 'MJDVerse.API.Controllers.AuthController.Register (MJDVerse.API)'
2026-09-09 14:09:40.300 +03:00 [INF] [] HTTP POST /api/v1/auth/register responded 400 in 117.3074 ms
2026-09-09 14:09:40.300 +03:00 [INF] [] Request finished HTTP/1.1 POST http://localhost:5155/api/v1/auth/register - 400 null text/plain; charset=utf-8 122.0615ms
2026-09-09 14:57:28.003 +03:00 [INF] [] User profile is available. Using 'C:\Users\aalhasani\AppData\Local\ASP.NET\DataProtection-Keys' as key repository and Windows DPAPI to encrypt keys at rest.
2026-09-09 14:57:28.364 +03:00 [INF] [] Now listening on: http://localhost:5155
2026-09-09 14:57:28.508 +03:00 [INF] [] Application started. Press Ctrl+C to shut down.
2026-09-09 14:57:28.508 +03:00 [INF] [] Hosting environment: Development
2026-09-09 14:57:28.508 +03:00 [INF] [] Content root path: C:\Abdulmajeed_Project\ASP.NETCore\MovieManager\MovieManager.UI
2026-09-09 14:57:28.905 +03:00 [INF] [] Request starting HTTP/1.1 GET http://localhost:5155/ - null null
2026-09-09 14:57:29.322 +03:00 [INF] [] HTTP GET / responded 404 in 279.3187 ms
2026-09-09 14:57:29.344 +03:00 [INF] [] Request finished HTTP/1.1 GET http://localhost:5155/ - 404 null null 452.9002ms
2026-09-09 14:57:29.348 +03:00 [INF] [] Request reached the end of the middleware pipeline without being handled by application code. Request path: GET http://localhost:5155/, Response status code: 404
2026-09-09 14:57:36.676 +03:00 [INF] [] Request starting HTTP/1.1 POST http://localhost:5155/api/v1/auth/register - application/json 165
2026-09-09 14:57:36.709 +03:00 [INF] [] Executing endpoint 'MJDVerse.API.Controllers.AuthController.Register (MJDVerse.API)'
2026-09-09 14:57:36.876 +03:00 [INF] [] Route matched with {action = "Register", controller = "Auth"}. Executing controller action with signature System.Threading.Tasks.Task`1[Microsoft.AspNetCore.Mvc.IActionResult] Register(MJDVerse.Application.DTOs.Auth.RegisterRequestDto) on controller MJDVerse.API.Controllers.AuthController (MJDVerse.API).
2026-09-09 14:57:40.761 +03:00 [INF] [] Executed DbCommand (75ms) [Parameters=[@__normalizedUserName_0='?' (Size = 256)], CommandType='"Text"', CommandTimeout='30']
SELECT TOP(1) [a].[Id], [a].[AccessFailedCount], [a].[ConcurrencyStamp], [a].[Email], [a].[EmailConfirmed], [a].[LockoutEnabled], [a].[LockoutEnd], [a].[NormalizedEmail], [a].[NormalizedUserName], [a].[PasswordHash], [a].[PhoneNumber], [a].[PhoneNumberConfirmed], [a].[SecurityStamp], [a].[TwoFactorEnabled], [a].[UserName]
FROM [AspNetUsers] AS [a]
WHERE [a].[NormalizedUserName] = @__normalizedUserName_0
2026-09-09 14:57:40.897 +03:00 [INF] [] Executing BadRequestObjectResult, writing value of type 'System.String[]'.
2026-09-09 14:57:40.905 +03:00 [INF] [] Executed action MJDVerse.API.Controllers.AuthController.Register (MJDVerse.API) in 4024.5995ms
2026-09-09 14:57:40.905 +03:00 [INF] [] Executed endpoint 'MJDVerse.API.Controllers.AuthController.Register (MJDVerse.API)'
2026-09-09 14:57:40.906 +03:00 [INF] [] HTTP POST /api/v1/auth/register responded 400 in 4227.7322 ms
2026-09-09 14:57:40.915 +03:00 [INF] [] Request finished HTTP/1.1 POST http://localhost:5155/api/v1/auth/register - 400 null application/json; charset=utf-8 4241.2134ms
2026-09-09 14:58:36.764 +03:00 [INF] [] Request starting HTTP/1.1 POST http://localhost:5155/api/v1/auth/register - application/json 166
2026-09-09 14:58:36.771 +03:00 [INF] [] Executing endpoint 'MJDVerse.API.Controllers.AuthController.Register (MJDVerse.API)'
2026-09-09 14:58:36.771 +03:00 [INF] [] Route matched with {action = "Register", controller = "Auth"}. Executing controller action with signature System.Threading.Tasks.Task`1[Microsoft.AspNetCore.Mvc.IActionResult] Register(MJDVerse.Application.DTOs.Auth.RegisterRequestDto) on controller MJDVerse.API.Controllers.AuthController (MJDVerse.API).
2026-09-09 14:58:36.978 +03:00 [INF] [] Executed DbCommand (4ms) [Parameters=[@__normalizedUserName_0='?' (Size = 256)], CommandType='"Text"', CommandTimeout='30']
SELECT TOP(1) [a].[Id], [a].[AccessFailedCount], [a].[ConcurrencyStamp], [a].[Email], [a].[EmailConfirmed], [a].[LockoutEnabled], [a].[LockoutEnd], [a].[NormalizedEmail], [a].[NormalizedUserName], [a].[PasswordHash], [a].[PhoneNumber], [a].[PhoneNumberConfirmed], [a].[SecurityStamp], [a].[TwoFactorEnabled], [a].[UserName]
FROM [AspNetUsers] AS [a]
WHERE [a].[NormalizedUserName] = @__normalizedUserName_0
2026-09-09 14:58:37.116 +03:00 [INF] [] Executed DbCommand (6ms) [Parameters=[@p0='?' (Size = 450), @p1='?' (DbType = Int32), @p2='?' (Size = 4000), @p3='?' (Size = 256), @p4='?' (DbType = Boolean), @p5='?' (DbType = Boolean), @p6='?' (DbType = DateTimeOffset), @p7='?' (Size = 256), @p8='?' (Size = 256), @p9='?' (Size = 4000), @p10='?' (Size = 4000), @p11='?' (DbType = Boolean), @p12='?' (Size = 4000), @p13='?' (DbType = Boolean), @p14='?' (Size = 256)], CommandType='"Text"', CommandTimeout='30']
SET IMPLICIT_TRANSACTIONS OFF;
SET NOCOUNT ON;
INSERT INTO [AspNetUsers] ([Id], [AccessFailedCount], [ConcurrencyStamp], [Email], [EmailConfirmed], [LockoutEnabled], [LockoutEnd], [NormalizedEmail], [NormalizedUserName], [PasswordHash], [PhoneNumber], [PhoneNumberConfirmed], [SecurityStamp], [TwoFactorEnabled], [UserName])
VALUES (@p0, @p1, @p2, @p3, @p4, @p5, @p6, @p7, @p8, @p9, @p10, @p11, @p12, @p13, @p14);
2026-09-09 14:58:37.220 +03:00 [ERR] [] Failed executing DbCommand (12ms) [Parameters=[@p0='?' (Size = 200), @p1='?' (DbType = DateTime2), @p2='?' (Size = 256), @p3='?' (DbType = DateTime2), @p4='?' (DbType = Boolean), @p5='?' (DbType = Int32), @p6='?' (Size = 450)], CommandType='"Text"', CommandTimeout='30']
SET IMPLICIT_TRANSACTIONS OFF;
SET NOCOUNT ON;
INSERT INTO [OtpVerifications] ([CodeHash], [CreatedAt], [Email], [ExpiresAt], [IsUsed], [Purpose], [UserId])
OUTPUT INSERTED.[Id]
VALUES (@p0, @p1, @p2, @p3, @p4, @p5, @p6);
2026-09-09 14:58:37.278 +03:00 [ERR] [] An exception occurred in the database while saving changes for context type 'MJDVerse.Infrastructure.Context.AppDbContext'.
Microsoft.EntityFrameworkCore.DbUpdateException: An error occurred while saving the entity changes. See the inner exception for details.
 ---> Microsoft.Data.SqlClient.SqlException (0x80131904): Invalid column name 'Purpose'.
   at Microsoft.Data.SqlClient.SqlCommand.<>c.<ExecuteDbDataReaderAsync>b__211_0(Task`1 result)
   at System.Threading.Tasks.ContinuationResultTaskFromResultTask`2.InnerInvoke()
   at System.Threading.ExecutionContext.RunInternal(ExecutionContext executionContext, ContextCallback callback, Object state)
--- End of stack trace from previous location ---
   at System.Threading.ExecutionContext.RunInternal(ExecutionContext executionContext, ContextCallback callback, Object state)
   at System.Threading.Tasks.Task.ExecuteWithThreadLocal(Task& currentTaskSlot, Thread threadPoolThread)
--- End of stack trace from previous location ---
   at Microsoft.EntityFrameworkCore.Storage.RelationalCommand.ExecuteReaderAsync(RelationalCommandParameterObject parameterObject, CancellationToken cancellationToken)
   at Microsoft.EntityFrameworkCore.Storage.RelationalCommand.ExecuteReaderAsync(RelationalCommandParameterObject parameterObject, CancellationToken cancellationToken)
   at Microsoft.EntityFrameworkCore.Update.ReaderModificationCommandBatch.ExecuteAsync(IRelationalConnection connection, CancellationToken cancellationToken)
ClientConnectionId:3f2ff742-88bb-4af5-9c1d-f19bc7c18f11
Error Number:207,State:1,Class:16
   --- End of inner exception stack trace ---
   at Microsoft.EntityFrameworkCore.Update.ReaderModificationCommandBatch.ExecuteAsync(IRelationalConnection connection, CancellationToken cancellationToken)
   at Microsoft.EntityFrameworkCore.SqlServer.Update.Internal.SqlServerModificationCommandBatch.ExecuteAsync(IRelationalConnection connection, CancellationToken cancellationToken)
   at Microsoft.EntityFrameworkCore.Update.Internal.BatchExecutor.ExecuteAsync(IEnumerable`1 commandBatches, IRelationalConnection connection, CancellationToken cancellationToken)
   at Microsoft.EntityFrameworkCore.Update.Internal.BatchExecutor.ExecuteAsync(IEnumerable`1 commandBatches, IRelationalConnection connection, CancellationToken cancellationToken)
   at Microsoft.EntityFrameworkCore.Update.Internal.BatchExecutor.ExecuteAsync(IEnumerable`1 commandBatches, IRelationalConnection connection, CancellationToken cancellationToken)
   at Microsoft.EntityFrameworkCore.ChangeTracking.Internal.StateManager.SaveChangesAsync(IList`1 entriesToSave, CancellationToken cancellationToken)
   at Microsoft.EntityFrameworkCore.ChangeTracking.Internal.StateManager.SaveChangesAsync(StateManager stateManager, Boolean acceptAllChangesOnSuccess, CancellationToken cancellationToken)
   at Microsoft.EntityFrameworkCore.SqlServer.Storage.Internal.SqlServerExecutionStrategy.ExecuteAsync[TState,TResult](TState state, Func`4 operation, Func`4 verifySucceeded, CancellationToken cancellationToken)
   at Microsoft.EntityFrameworkCore.DbContext.SaveChangesAsync(Boolean acceptAllChangesOnSuccess, CancellationToken cancellationToken)
Microsoft.EntityFrameworkCore.DbUpdateException: An error occurred while saving the entity changes. See the inner exception for details.
 ---> Microsoft.Data.SqlClient.SqlException (0x80131904): Invalid column name 'Purpose'.
   at Microsoft.Data.SqlClient.SqlCommand.<>c.<ExecuteDbDataReaderAsync>b__211_0(Task`1 result)
   at System.Threading.Tasks.ContinuationResultTaskFromResultTask`2.InnerInvoke()
   at System.Threading.ExecutionContext.RunInternal(ExecutionContext executionContext, ContextCallback callback, Object state)
--- End of stack trace from previous location ---
   at System.Threading.ExecutionContext.RunInternal(ExecutionContext executionContext, ContextCallback callback, Object state)
   at System.Threading.Tasks.Task.ExecuteWithThreadLocal(Task& currentTaskSlot, Thread threadPoolThread)
--- End of stack trace from previous location ---
   at Microsoft.EntityFrameworkCore.Storage.RelationalCommand.ExecuteReaderAsync(RelationalCommandParameterObject parameterObject, CancellationToken cancellationToken)
   at Microsoft.EntityFrameworkCore.Storage.RelationalCommand.ExecuteReaderAsync(RelationalCommandParameterObject parameterObject, CancellationToken cancellationToken)
   at Microsoft.EntityFrameworkCore.Update.ReaderModificationCommandBatch.ExecuteAsync(IRelationalConnection connection, CancellationToken cancellationToken)
ClientConnectionId:3f2ff742-88bb-4af5-9c1d-f19bc7c18f11
Error Number:207,State:1,Class:16
   --- End of inner exception stack trace ---
   at Microsoft.EntityFrameworkCore.Update.ReaderModificationCommandBatch.ExecuteAsync(IRelationalConnection connection, CancellationToken cancellationToken)
   at Microsoft.EntityFrameworkCore.SqlServer.Update.Internal.SqlServerModificationCommandBatch.ExecuteAsync(IRelationalConnection connection, CancellationToken cancellationToken)
   at Microsoft.EntityFrameworkCore.Update.Internal.BatchExecutor.ExecuteAsync(IEnumerable`1 commandBatches, IRelationalConnection connection, CancellationToken cancellationToken)
   at Microsoft.EntityFrameworkCore.Update.Internal.BatchExecutor.ExecuteAsync(IEnumerable`1 commandBatches, IRelationalConnection connection, CancellationToken cancellationToken)
   at Microsoft.EntityFrameworkCore.Update.Internal.BatchExecutor.ExecuteAsync(IEnumerable`1 commandBatches, IRelationalConnection connection, CancellationToken cancellationToken)
   at Microsoft.EntityFrameworkCore.ChangeTracking.Internal.StateManager.SaveChangesAsync(IList`1 entriesToSave, CancellationToken cancellationToken)
   at Microsoft.EntityFrameworkCore.ChangeTracking.Internal.StateManager.SaveChangesAsync(StateManager stateManager, Boolean acceptAllChangesOnSuccess, CancellationToken cancellationToken)
   at Microsoft.EntityFrameworkCore.SqlServer.Storage.Internal.SqlServerExecutionStrategy.ExecuteAsync[TState,TResult](TState state, Func`4 operation, Func`4 verifySucceeded, CancellationToken cancellationToken)
   at Microsoft.EntityFrameworkCore.DbContext.SaveChangesAsync(Boolean acceptAllChangesOnSuccess, CancellationToken cancellationToken)
2026-09-09 14:58:37.761 +03:00 [INF] [] Executed action MJDVerse.API.Controllers.AuthController.Register (MJDVerse.API) in 989.322ms
2026-09-09 14:58:37.762 +03:00 [INF] [] Executed endpoint 'MJDVerse.API.Controllers.AuthController.Register (MJDVerse.API)'
2026-09-09 14:58:37.763 +03:00 [ERR] [] HTTP POST /api/v1/auth/register responded 500 in 998.3839 ms
Microsoft.EntityFrameworkCore.DbUpdateException: An error occurred while saving the entity changes. See the inner exception for details.
 ---> Microsoft.Data.SqlClient.SqlException (0x80131904): Invalid column name 'Purpose'.
   at Microsoft.Data.SqlClient.SqlCommand.<>c.<ExecuteDbDataReaderAsync>b__211_0(Task`1 result)
   at System.Threading.Tasks.ContinuationResultTaskFromResultTask`2.InnerInvoke()
   at System.Threading.ExecutionContext.RunInternal(ExecutionContext executionContext, ContextCallback callback, Object state)
--- End of stack trace from previous location ---
   at System.Threading.ExecutionContext.RunInternal(ExecutionContext executionContext, ContextCallback callback, Object state)
   at System.Threading.Tasks.Task.ExecuteWithThreadLocal(Task& currentTaskSlot, Thread threadPoolThread)
--- End of stack trace from previous location ---
   at Microsoft.EntityFrameworkCore.Storage.RelationalCommand.ExecuteReaderAsync(RelationalCommandParameterObject parameterObject, CancellationToken cancellationToken)
   at Microsoft.EntityFrameworkCore.Storage.RelationalCommand.ExecuteReaderAsync(RelationalCommandParameterObject parameterObject, CancellationToken cancellationToken)
   at Microsoft.EntityFrameworkCore.Update.ReaderModificationCommandBatch.ExecuteAsync(IRelationalConnection connection, CancellationToken cancellationToken)
ClientConnectionId:3f2ff742-88bb-4af5-9c1d-f19bc7c18f11
Error Number:207,State:1,Class:16
   --- End of inner exception stack trace ---
   at Microsoft.EntityFrameworkCore.Update.ReaderModificationCommandBatch.ExecuteAsync(IRelationalConnection connection, CancellationToken cancellationToken)
   at Microsoft.EntityFrameworkCore.SqlServer.Update.Internal.SqlServerModificationCommandBatch.ExecuteAsync(IRelationalConnection connection, CancellationToken cancellationToken)
   at Microsoft.EntityFrameworkCore.Update.Internal.BatchExecutor.ExecuteAsync(IEnumerable`1 commandBatches, IRelationalConnection connection, CancellationToken cancellationToken)
   at Microsoft.EntityFrameworkCore.Update.Internal.BatchExecutor.ExecuteAsync(IEnumerable`1 commandBatches, IRelationalConnection connection, CancellationToken cancellationToken)
   at Microsoft.EntityFrameworkCore.Update.Internal.BatchExecutor.ExecuteAsync(IEnumerable`1 commandBatches, IRelationalConnection connection, CancellationToken cancellationToken)
   at Microsoft.EntityFrameworkCore.ChangeTracking.Internal.StateManager.SaveChangesAsync(IList`1 entriesToSave, CancellationToken cancellationToken)
   at Microsoft.EntityFrameworkCore.ChangeTracking.Internal.StateManager.SaveChangesAsync(StateManager stateManager, Boolean acceptAllChangesOnSuccess, CancellationToken cancellationToken)
   at Microsoft.EntityFrameworkCore.SqlServer.Storage.Internal.SqlServerExecutionStrategy.ExecuteAsync[TState,TResult](TState state, Func`4 operation, Func`4 verifySucceeded, CancellationToken cancellationToken)
   at Microsoft.EntityFrameworkCore.DbContext.SaveChangesAsync(Boolean acceptAllChangesOnSuccess, CancellationToken cancellationToken)
   at Microsoft.EntityFrameworkCore.DbContext.SaveChangesAsync(Boolean acceptAllChangesOnSuccess, CancellationToken cancellationToken)
   at MJDVerse.Infrastructure.Repositories.OtpRepository.SaveChangesAsync() in C:\Abdulmajeed_Project\ASP.NETCore\MovieManager\MovieManager.Infrastructure\Repositories\OtpRepository.cs:line 47
   at MJDVerse.Application.Services.AuthService.RegisterAsync(RegisterRequestDto request) in C:\Abdulmajeed_Project\ASP.NETCore\MovieManager\MovieManager.Core\Services\AuthService.cs:line 73
   at MJDVerse.API.Controllers.AuthController.Register(RegisterRequestDto request) in C:\Abdulmajeed_Project\ASP.NETCore\MovieManager\MovieManager.UI\Controllers\AuthController.cs:line 25
   at Microsoft.AspNetCore.Mvc.Infrastructure.ActionMethodExecutor.TaskOfIActionResultExecutor.Execute(ActionContext actionContext, IActionResultTypeMapper mapper, ObjectMethodExecutor executor, Object controller, Object[] arguments)
   at Microsoft.AspNetCore.Mvc.Infrastructure.ControllerActionInvoker.<InvokeActionMethodAsync>g__Awaited|12_0(ControllerActionInvoker invoker, ValueTask`1 actionResultValueTask)
   at Microsoft.AspNetCore.Mvc.Infrastructure.ControllerActionInvoker.<InvokeNextActionFilterAsync>g__Awaited|10_0(ControllerActionInvoker invoker, Task lastTask, State next, Scope scope, Object state, Boolean isCompleted)
   at Microsoft.AspNetCore.Mvc.Infrastructure.ControllerActionInvoker.Rethrow(ActionExecutedContextSealed context)
   at Microsoft.AspNetCore.Mvc.Infrastructure.ControllerActionInvoker.Next(State& next, Scope& scope, Object& state, Boolean& isCompleted)
   at Microsoft.AspNetCore.Mvc.Infrastructure.ControllerActionInvoker.<InvokeInnerFilterAsync>g__Awaited|13_0(ControllerActionInvoker invoker, Task lastTask, State next, Scope scope, Object state, Boolean isCompleted)
   at Microsoft.AspNetCore.Mvc.Infrastructure.ResourceInvoker.<InvokeFilterPipelineAsync>g__Awaited|20_0(ResourceInvoker invoker, Task lastTask, State next, Scope scope, Object state, Boolean isCompleted)
   at Microsoft.AspNetCore.Mvc.Infrastructure.ResourceInvoker.<InvokeAsync>g__Logged|17_1(ResourceInvoker invoker)
   at Microsoft.AspNetCore.Mvc.Infrastructure.ResourceInvoker.<InvokeAsync>g__Logged|17_1(ResourceInvoker invoker)
   at Microsoft.AspNetCore.Routing.EndpointMiddleware.<Invoke>g__AwaitRequestTask|7_0(Endpoint endpoint, Task requestTask, ILogger logger)
   at Microsoft.AspNetCore.Authorization.AuthorizationMiddleware.Invoke(HttpContext context)
   at Microsoft.AspNetCore.Authentication.AuthenticationMiddleware.Invoke(HttpContext context)
   at Serilog.AspNetCore.RequestLoggingMiddleware.Invoke(HttpContext httpContext)
2026-09-09 14:58:38.043 +03:00 [INF] [] Request finished HTTP/1.1 POST http://localhost:5155/api/v1/auth/register - 500 null application/json 1279.0369ms
2026-09-09 15:03:01.890 +03:00 [INF] [] User profile is available. Using 'C:\Users\aalhasani\AppData\Local\ASP.NET\DataProtection-Keys' as key repository and Windows DPAPI to encrypt keys at rest.
2026-09-09 15:03:02.236 +03:00 [INF] [] Now listening on: http://localhost:5155
2026-09-09 15:03:02.462 +03:00 [INF] [] Application started. Press Ctrl+C to shut down.
2026-09-09 15:03:02.462 +03:00 [INF] [] Hosting environment: Development
2026-09-09 15:03:02.462 +03:00 [INF] [] Content root path: C:\Abdulmajeed_Project\ASP.NETCore\MovieManager\MovieManager.UI
2026-09-09 15:03:02.562 +03:00 [INF] [] Request starting HTTP/1.1 GET http://localhost:5155/ - null null
2026-09-09 15:03:02.821 +03:00 [INF] [] HTTP GET / responded 404 in 108.7637 ms
2026-09-09 15:03:02.836 +03:00 [INF] [] Request finished HTTP/1.1 GET http://localhost:5155/ - 404 null null 295.2227ms
2026-09-09 15:03:02.840 +03:00 [INF] [] Request reached the end of the middleware pipeline without being handled by application code. Request path: GET http://localhost:5155/, Response status code: 404
2026-09-09 15:04:17.987 +03:00 [INF] [] User profile is available. Using 'C:\Users\aalhasani\AppData\Local\ASP.NET\DataProtection-Keys' as key repository and Windows DPAPI to encrypt keys at rest.
2026-09-09 15:04:18.192 +03:00 [INF] [] Now listening on: http://localhost:5155
2026-09-09 15:04:18.385 +03:00 [INF] [] Application started. Press Ctrl+C to shut down.
2026-09-09 15:04:18.385 +03:00 [INF] [] Hosting environment: Development
2026-09-09 15:04:18.385 +03:00 [INF] [] Content root path: C:\Abdulmajeed_Project\ASP.NETCore\MovieManager\MovieManager.UI
2026-09-09 15:04:18.558 +03:00 [INF] [] Request starting HTTP/1.1 GET http://localhost:5155/ - null null
2026-09-09 15:04:18.832 +03:00 [INF] [] HTTP GET / responded 404 in 110.2491 ms
2026-09-09 15:04:18.847 +03:00 [INF] [] Request finished HTTP/1.1 GET http://localhost:5155/ - 404 null null 322.443ms
2026-09-09 15:04:18.850 +03:00 [INF] [] Request reached the end of the middleware pipeline without being handled by application code. Request path: GET http://localhost:5155/, Response status code: 404
2026-09-09 15:11:37.524 +03:00 [INF] [] User profile is available. Using 'C:\Users\aalhasani\AppData\Local\ASP.NET\DataProtection-Keys' as key repository and Windows DPAPI to encrypt keys at rest.
2026-09-09 15:11:37.618 +03:00 [INF] [] Now listening on: http://localhost:5155
2026-09-09 15:11:37.621 +03:00 [INF] [] Application started. Press Ctrl+C to shut down.
2026-09-09 15:11:37.622 +03:00 [INF] [] Hosting environment: Development
2026-09-09 15:11:37.622 +03:00 [INF] [] Content root path: C:\Abdulmajeed_Project\ASP.NETCore\MovieManager\MovieManager.UI
2026-09-09 15:12:26.804 +03:00 [INF] [] Request starting HTTP/1.1 POST http://localhost:5155/api/v1/auth/register - application/json 166
2026-09-09 15:12:26.892 +03:00 [INF] [] Executing endpoint 'MJDVerse.API.Controllers.AuthController.Register (MJDVerse.API)'
2026-09-09 15:12:26.942 +03:00 [INF] [] Route matched with {action = "Register", controller = "Auth"}. Executing controller action with signature System.Threading.Tasks.Task`1[Microsoft.AspNetCore.Mvc.IActionResult] Register(MJDVerse.Application.DTOs.Auth.RegisterRequestDto) on controller MJDVerse.API.Controllers.AuthController (MJDVerse.API).
2026-09-09 15:12:30.108 +03:00 [INF] [] Executed DbCommand (51ms) [Parameters=[@__normalizedUserName_0='?' (Size = 256)], CommandType='"Text"', CommandTimeout='30']
SELECT TOP(1) [a].[Id], [a].[AccessFailedCount], [a].[ConcurrencyStamp], [a].[Email], [a].[EmailConfirmed], [a].[LockoutEnabled], [a].[LockoutEnd], [a].[NormalizedEmail], [a].[NormalizedUserName], [a].[PasswordHash], [a].[PhoneNumber], [a].[PhoneNumberConfirmed], [a].[SecurityStamp], [a].[TwoFactorEnabled], [a].[UserName]
FROM [AspNetUsers] AS [a]
WHERE [a].[NormalizedUserName] = @__normalizedUserName_0
2026-09-09 15:12:30.225 +03:00 [INF] [] Executing BadRequestObjectResult, writing value of type 'System.String[]'.
2026-09-09 15:12:30.251 +03:00 [INF] [] Executed action MJDVerse.API.Controllers.AuthController.Register (MJDVerse.API) in 3305.1235ms
2026-09-09 15:12:30.253 +03:00 [INF] [] Executed endpoint 'MJDVerse.API.Controllers.AuthController.Register (MJDVerse.API)'
2026-09-09 15:12:30.255 +03:00 [INF] [] HTTP POST /api/v1/auth/register responded 400 in 3435.2886 ms
2026-09-09 15:12:30.265 +03:00 [INF] [] Request finished HTTP/1.1 POST http://localhost:5155/api/v1/auth/register - 400 null application/json; charset=utf-8 3466.2839ms
2026-09-09 15:12:49.325 +03:00 [INF] [] Request starting HTTP/1.1 POST http://localhost:5155/api/v1/auth/register - application/json 166
2026-09-09 15:12:49.334 +03:00 [INF] [] Executing endpoint 'MJDVerse.API.Controllers.AuthController.Register (MJDVerse.API)'
2026-09-09 15:12:49.335 +03:00 [INF] [] Route matched with {action = "Register", controller = "Auth"}. Executing controller action with signature System.Threading.Tasks.Task`1[Microsoft.AspNetCore.Mvc.IActionResult] Register(MJDVerse.Application.DTOs.Auth.RegisterRequestDto) on controller MJDVerse.API.Controllers.AuthController (MJDVerse.API).
2026-09-09 15:12:49.625 +03:00 [INF] [] Executed DbCommand (41ms) [Parameters=[@__normalizedUserName_0='?' (Size = 256)], CommandType='"Text"', CommandTimeout='30']
SELECT TOP(1) [a].[Id], [a].[AccessFailedCount], [a].[ConcurrencyStamp], [a].[Email], [a].[EmailConfirmed], [a].[LockoutEnabled], [a].[LockoutEnd], [a].[NormalizedEmail], [a].[NormalizedUserName], [a].[PasswordHash], [a].[PhoneNumber], [a].[PhoneNumberConfirmed], [a].[SecurityStamp], [a].[TwoFactorEnabled], [a].[UserName]
FROM [AspNetUsers] AS [a]
WHERE [a].[NormalizedUserName] = @__normalizedUserName_0
2026-09-09 15:12:49.831 +03:00 [INF] [] Executed DbCommand (46ms) [Parameters=[@p0='?' (Size = 450), @p1='?' (DbType = Int32), @p2='?' (Size = 4000), @p3='?' (Size = 256), @p4='?' (DbType = Boolean), @p5='?' (DbType = Boolean), @p6='?' (DbType = DateTimeOffset), @p7='?' (Size = 256), @p8='?' (Size = 256), @p9='?' (Size = 4000), @p10='?' (Size = 4000), @p11='?' (DbType = Boolean), @p12='?' (Size = 4000), @p13='?' (DbType = Boolean), @p14='?' (Size = 256)], CommandType='"Text"', CommandTimeout='30']
SET IMPLICIT_TRANSACTIONS OFF;
SET NOCOUNT ON;
INSERT INTO [AspNetUsers] ([Id], [AccessFailedCount], [ConcurrencyStamp], [Email], [EmailConfirmed], [LockoutEnabled], [LockoutEnd], [NormalizedEmail], [NormalizedUserName], [PasswordHash], [PhoneNumber], [PhoneNumberConfirmed], [SecurityStamp], [TwoFactorEnabled], [UserName])
VALUES (@p0, @p1, @p2, @p3, @p4, @p5, @p6, @p7, @p8, @p9, @p10, @p11, @p12, @p13, @p14);
2026-09-09 15:12:49.948 +03:00 [ERR] [] Failed executing DbCommand (6ms) [Parameters=[@p0='?' (Size = 200), @p1='?' (DbType = DateTime2), @p2='?' (Size = 256), @p3='?' (DbType = DateTime2), @p4='?' (DbType = Boolean), @p5='?' (DbType = Int32), @p6='?' (Size = 450)], CommandType='"Text"', CommandTimeout='30']
SET IMPLICIT_TRANSACTIONS OFF;
SET NOCOUNT ON;
INSERT INTO [OtpVerifications] ([CodeHash], [CreatedAt], [Email], [ExpiresAt], [IsUsed], [Purpose], [UserId])
OUTPUT INSERTED.[Id]
VALUES (@p0, @p1, @p2, @p3, @p4, @p5, @p6);
2026-09-09 15:12:49.965 +03:00 [ERR] [] An exception occurred in the database while saving changes for context type 'MJDVerse.Infrastructure.Context.AppDbContext'.
Microsoft.EntityFrameworkCore.DbUpdateException: An error occurred while saving the entity changes. See the inner exception for details.
 ---> Microsoft.Data.SqlClient.SqlException (0x80131904): Invalid column name 'Purpose'.
   at Microsoft.Data.SqlClient.SqlCommand.<>c.<ExecuteDbDataReaderAsync>b__211_0(Task`1 result)
   at System.Threading.Tasks.ContinuationResultTaskFromResultTask`2.InnerInvoke()
   at System.Threading.ExecutionContext.RunInternal(ExecutionContext executionContext, ContextCallback callback, Object state)
--- End of stack trace from previous location ---
   at System.Threading.ExecutionContext.RunInternal(ExecutionContext executionContext, ContextCallback callback, Object state)
   at System.Threading.Tasks.Task.ExecuteWithThreadLocal(Task& currentTaskSlot, Thread threadPoolThread)
--- End of stack trace from previous location ---
   at Microsoft.EntityFrameworkCore.Storage.RelationalCommand.ExecuteReaderAsync(RelationalCommandParameterObject parameterObject, CancellationToken cancellationToken)
   at Microsoft.EntityFrameworkCore.Storage.RelationalCommand.ExecuteReaderAsync(RelationalCommandParameterObject parameterObject, CancellationToken cancellationToken)
   at Microsoft.EntityFrameworkCore.Update.ReaderModificationCommandBatch.ExecuteAsync(IRelationalConnection connection, CancellationToken cancellationToken)
ClientConnectionId:61cecc16-70e2-4acc-ac9c-b732817c2f6a
Error Number:207,State:1,Class:16
   --- End of inner exception stack trace ---
   at Microsoft.EntityFrameworkCore.Update.ReaderModificationCommandBatch.ExecuteAsync(IRelationalConnection connection, CancellationToken cancellationToken)
   at Microsoft.EntityFrameworkCore.SqlServer.Update.Internal.SqlServerModificationCommandBatch.ExecuteAsync(IRelationalConnection connection, CancellationToken cancellationToken)
   at Microsoft.EntityFrameworkCore.Update.Internal.BatchExecutor.ExecuteAsync(IEnumerable`1 commandBatches, IRelationalConnection connection, CancellationToken cancellationToken)
   at Microsoft.EntityFrameworkCore.Update.Internal.BatchExecutor.ExecuteAsync(IEnumerable`1 commandBatches, IRelationalConnection connection, CancellationToken cancellationToken)
   at Microsoft.EntityFrameworkCore.Update.Internal.BatchExecutor.ExecuteAsync(IEnumerable`1 commandBatches, IRelationalConnection connection, CancellationToken cancellationToken)
   at Microsoft.EntityFrameworkCore.ChangeTracking.Internal.StateManager.SaveChangesAsync(IList`1 entriesToSave, CancellationToken cancellationToken)
   at Microsoft.EntityFrameworkCore.ChangeTracking.Internal.StateManager.SaveChangesAsync(StateManager stateManager, Boolean acceptAllChangesOnSuccess, CancellationToken cancellationToken)
   at Microsoft.EntityFrameworkCore.SqlServer.Storage.Internal.SqlServerExecutionStrategy.ExecuteAsync[TState,TResult](TState state, Func`4 operation, Func`4 verifySucceeded, CancellationToken cancellationToken)
   at Microsoft.EntityFrameworkCore.DbContext.SaveChangesAsync(Boolean acceptAllChangesOnSuccess, CancellationToken cancellationToken)
Microsoft.EntityFrameworkCore.DbUpdateException: An error occurred while saving the entity changes. See the inner exception for details.
 ---> Microsoft.Data.SqlClient.SqlException (0x80131904): Invalid column name 'Purpose'.
   at Microsoft.Data.SqlClient.SqlCommand.<>c.<ExecuteDbDataReaderAsync>b__211_0(Task`1 result)
   at System.Threading.Tasks.ContinuationResultTaskFromResultTask`2.InnerInvoke()
   at System.Threading.ExecutionContext.RunInternal(ExecutionContext executionContext, ContextCallback callback, Object state)
--- End of stack trace from previous location ---
   at System.Threading.ExecutionContext.RunInternal(ExecutionContext executionContext, ContextCallback callback, Object state)
   at System.Threading.Tasks.Task.ExecuteWithThreadLocal(Task& currentTaskSlot, Thread threadPoolThread)
--- End of stack trace from previous location ---
   at Microsoft.EntityFrameworkCore.Storage.RelationalCommand.ExecuteReaderAsync(RelationalCommandParameterObject parameterObject, CancellationToken cancellationToken)
   at Microsoft.EntityFrameworkCore.Storage.RelationalCommand.ExecuteReaderAsync(RelationalCommandParameterObject parameterObject, CancellationToken cancellationToken)
   at Microsoft.EntityFrameworkCore.Update.ReaderModificationCommandBatch.ExecuteAsync(IRelationalConnection connection, CancellationToken cancellationToken)
ClientConnectionId:61cecc16-70e2-4acc-ac9c-b732817c2f6a
Error Number:207,State:1,Class:16
   --- End of inner exception stack trace ---
   at Microsoft.EntityFrameworkCore.Update.ReaderModificationCommandBatch.ExecuteAsync(IRelationalConnection connection, CancellationToken cancellationToken)
   at Microsoft.EntityFrameworkCore.SqlServer.Update.Internal.SqlServerModificationCommandBatch.ExecuteAsync(IRelationalConnection connection, CancellationToken cancellationToken)
   at Microsoft.EntityFrameworkCore.Update.Internal.BatchExecutor.ExecuteAsync(IEnumerable`1 commandBatches, IRelationalConnection connection, CancellationToken cancellationToken)
   at Microsoft.EntityFrameworkCore.Update.Internal.BatchExecutor.ExecuteAsync(IEnumerable`1 commandBatches, IRelationalConnection connection, CancellationToken cancellationToken)
   at Microsoft.EntityFrameworkCore.Update.Internal.BatchExecutor.ExecuteAsync(IEnumerable`1 commandBatches, IRelationalConnection connection, CancellationToken cancellationToken)
   at Microsoft.EntityFrameworkCore.ChangeTracking.Internal.StateManager.SaveChangesAsync(IList`1 entriesToSave, CancellationToken cancellationToken)
   at Microsoft.EntityFrameworkCore.ChangeTracking.Internal.StateManager.SaveChangesAsync(StateManager stateManager, Boolean acceptAllChangesOnSuccess, CancellationToken cancellationToken)
   at Microsoft.EntityFrameworkCore.SqlServer.Storage.Internal.SqlServerExecutionStrategy.ExecuteAsync[TState,TResult](TState state, Func`4 operation, Func`4 verifySucceeded, CancellationToken cancellationToken)
   at Microsoft.EntityFrameworkCore.DbContext.SaveChangesAsync(Boolean acceptAllChangesOnSuccess, CancellationToken cancellationToken)
2026-09-09 15:12:49.967 +03:00 [INF] [] Executed action MJDVerse.API.Controllers.AuthController.Register (MJDVerse.API) in 631.9922ms
2026-09-09 15:12:49.967 +03:00 [INF] [] Executed endpoint 'MJDVerse.API.Controllers.AuthController.Register (MJDVerse.API)'
2026-09-09 15:12:49.967 +03:00 [ERR] [] HTTP POST /api/v1/auth/register responded 500 in 641.4567 ms
Microsoft.EntityFrameworkCore.DbUpdateException: An error occurred while saving the entity changes. See the inner exception for details.
 ---> Microsoft.Data.SqlClient.SqlException (0x80131904): Invalid column name 'Purpose'.
   at Microsoft.Data.SqlClient.SqlCommand.<>c.<ExecuteDbDataReaderAsync>b__211_0(Task`1 result)
   at System.Threading.Tasks.ContinuationResultTaskFromResultTask`2.InnerInvoke()
   at System.Threading.ExecutionContext.RunInternal(ExecutionContext executionContext, ContextCallback callback, Object state)
--- End of stack trace from previous location ---
   at System.Threading.ExecutionContext.RunInternal(ExecutionContext executionContext, ContextCallback callback, Object state)
   at System.Threading.Tasks.Task.ExecuteWithThreadLocal(Task& currentTaskSlot, Thread threadPoolThread)
--- End of stack trace from previous location ---
   at Microsoft.EntityFrameworkCore.Storage.RelationalCommand.ExecuteReaderAsync(RelationalCommandParameterObject parameterObject, CancellationToken cancellationToken)
   at Microsoft.EntityFrameworkCore.Storage.RelationalCommand.ExecuteReaderAsync(RelationalCommandParameterObject parameterObject, CancellationToken cancellationToken)
   at Microsoft.EntityFrameworkCore.Update.ReaderModificationCommandBatch.ExecuteAsync(IRelationalConnection connection, CancellationToken cancellationToken)
ClientConnectionId:61cecc16-70e2-4acc-ac9c-b732817c2f6a
Error Number:207,State:1,Class:16
   --- End of inner exception stack trace ---
   at Microsoft.EntityFrameworkCore.Update.ReaderModificationCommandBatch.ExecuteAsync(IRelationalConnection connection, CancellationToken cancellationToken)
   at Microsoft.EntityFrameworkCore.SqlServer.Update.Internal.SqlServerModificationCommandBatch.ExecuteAsync(IRelationalConnection connection, CancellationToken cancellationToken)
   at Microsoft.EntityFrameworkCore.Update.Internal.BatchExecutor.ExecuteAsync(IEnumerable`1 commandBatches, IRelationalConnection connection, CancellationToken cancellationToken)
   at Microsoft.EntityFrameworkCore.Update.Internal.BatchExecutor.ExecuteAsync(IEnumerable`1 commandBatches, IRelationalConnection connection, CancellationToken cancellationToken)
   at Microsoft.EntityFrameworkCore.Update.Internal.BatchExecutor.ExecuteAsync(IEnumerable`1 commandBatches, IRelationalConnection connection, CancellationToken cancellationToken)
   at Microsoft.EntityFrameworkCore.ChangeTracking.Internal.StateManager.SaveChangesAsync(IList`1 entriesToSave, CancellationToken cancellationToken)
   at Microsoft.EntityFrameworkCore.ChangeTracking.Internal.StateManager.SaveChangesAsync(StateManager stateManager, Boolean acceptAllChangesOnSuccess, CancellationToken cancellationToken)
   at Microsoft.EntityFrameworkCore.SqlServer.Storage.Internal.SqlServerExecutionStrategy.ExecuteAsync[TState,TResult](TState state, Func`4 operation, Func`4 verifySucceeded, CancellationToken cancellationToken)
   at Microsoft.EntityFrameworkCore.DbContext.SaveChangesAsync(Boolean acceptAllChangesOnSuccess, CancellationToken cancellationToken)
   at Microsoft.EntityFrameworkCore.DbContext.SaveChangesAsync(Boolean acceptAllChangesOnSuccess, CancellationToken cancellationToken)
   at MJDVerse.Infrastructure.Repositories.OtpRepository.SaveChangesAsync() in C:\Abdulmajeed_Project\ASP.NETCore\MovieManager\MovieManager.Infrastructure\Repositories\OtpRepository.cs:line 47
   at MJDVerse.Application.Services.AuthService.RegisterAsync(RegisterRequestDto request) in C:\Abdulmajeed_Project\ASP.NETCore\MovieManager\MovieManager.Core\Services\AuthService.cs:line 73
   at MJDVerse.API.Controllers.AuthController.Register(RegisterRequestDto request) in C:\Abdulmajeed_Project\ASP.NETCore\MovieManager\MovieManager.UI\Controllers\AuthController.cs:line 25
   at Microsoft.AspNetCore.Mvc.Infrastructure.ActionMethodExecutor.TaskOfIActionResultExecutor.Execute(ActionContext actionContext, IActionResultTypeMapper mapper, ObjectMethodExecutor executor, Object controller, Object[] arguments)
   at Microsoft.AspNetCore.Mvc.Infrastructure.ControllerActionInvoker.<InvokeActionMethodAsync>g__Awaited|12_0(ControllerActionInvoker invoker, ValueTask`1 actionResultValueTask)
   at Microsoft.AspNetCore.Mvc.Infrastructure.ControllerActionInvoker.<InvokeNextActionFilterAsync>g__Awaited|10_0(ControllerActionInvoker invoker, Task lastTask, State next, Scope scope, Object state, Boolean isCompleted)
   at Microsoft.AspNetCore.Mvc.Infrastructure.ControllerActionInvoker.Rethrow(ActionExecutedContextSealed context)
   at Microsoft.AspNetCore.Mvc.Infrastructure.ControllerActionInvoker.Next(State& next, Scope& scope, Object& state, Boolean& isCompleted)
   at Microsoft.AspNetCore.Mvc.Infrastructure.ControllerActionInvoker.<InvokeInnerFilterAsync>g__Awaited|13_0(ControllerActionInvoker invoker, Task lastTask, State next, Scope scope, Object state, Boolean isCompleted)
   at Microsoft.AspNetCore.Mvc.Infrastructure.ResourceInvoker.<InvokeFilterPipelineAsync>g__Awaited|20_0(ResourceInvoker invoker, Task lastTask, State next, Scope scope, Object state, Boolean isCompleted)
   at Microsoft.AspNetCore.Mvc.Infrastructure.ResourceInvoker.<InvokeAsync>g__Logged|17_1(ResourceInvoker invoker)
   at Microsoft.AspNetCore.Mvc.Infrastructure.ResourceInvoker.<InvokeAsync>g__Logged|17_1(ResourceInvoker invoker)
   at Microsoft.AspNetCore.Routing.EndpointMiddleware.<Invoke>g__AwaitRequestTask|7_0(Endpoint endpoint, Task requestTask, ILogger logger)
   at Microsoft.AspNetCore.Authorization.AuthorizationMiddleware.Invoke(HttpContext context)
   at Microsoft.AspNetCore.Authentication.AuthenticationMiddleware.Invoke(HttpContext context)
   at Serilog.AspNetCore.RequestLoggingMiddleware.Invoke(HttpContext httpContext)
2026-09-09 15:12:49.986 +03:00 [INF] [] Request finished HTTP/1.1 POST http://localhost:5155/api/v1/auth/register - 500 null application/json 662.1864ms
2026-09-09 15:12:59.163 +03:00 [INF] [] Request starting HTTP/1.1 GET http://localhost:5155/ - null null
2026-09-09 15:12:59.166 +03:00 [INF] [] HTTP GET / responded 404 in 3.1680 ms
2026-09-09 15:12:59.167 +03:00 [INF] [] Request finished HTTP/1.1 GET http://localhost:5155/ - 404 0 null 3.8202ms
2026-09-09 15:12:59.168 +03:00 [INF] [] Request reached the end of the middleware pipeline without being handled by application code. Request path: GET http://localhost:5155/, Response status code: 404
2026-09-09 15:13:14.313 +03:00 [INF] [] Request starting HTTP/1.1 GET http://localhost:5155/ - null null
2026-09-09 15:13:14.313 +03:00 [INF] [] HTTP GET / responded 404 in 0.1592 ms
2026-09-09 15:13:14.314 +03:00 [INF] [] Request finished HTTP/1.1 GET http://localhost:5155/ - 404 0 null 1.0251ms
2026-09-09 15:13:14.314 +03:00 [INF] [] Request reached the end of the middleware pipeline without being handled by application code. Request path: GET http://localhost:5155/, Response status code: 404
2026-09-09 15:13:30.246 +03:00 [INF] [] Request starting HTTP/1.1 POST http://localhost:5155/api/v1/auth/register - application/json 166
2026-09-09 15:13:30.246 +03:00 [INF] [] Executing endpoint 'MJDVerse.API.Controllers.AuthController.Register (MJDVerse.API)'
2026-09-09 15:13:30.247 +03:00 [INF] [] Route matched with {action = "Register", controller = "Auth"}. Executing controller action with signature System.Threading.Tasks.Task`1[Microsoft.AspNetCore.Mvc.IActionResult] Register(MJDVerse.Application.DTOs.Auth.RegisterRequestDto) on controller MJDVerse.API.Controllers.AuthController (MJDVerse.API).
2026-09-09 15:13:30.441 +03:00 [INF] [] Executed DbCommand (1ms) [Parameters=[@__normalizedUserName_0='?' (Size = 256)], CommandType='"Text"', CommandTimeout='30']
SELECT TOP(1) [a].[Id], [a].[AccessFailedCount], [a].[ConcurrencyStamp], [a].[Email], [a].[EmailConfirmed], [a].[LockoutEnabled], [a].[LockoutEnd], [a].[NormalizedEmail], [a].[NormalizedUserName], [a].[PasswordHash], [a].[PhoneNumber], [a].[PhoneNumberConfirmed], [a].[SecurityStamp], [a].[TwoFactorEnabled], [a].[UserName]
FROM [AspNetUsers] AS [a]
WHERE [a].[NormalizedUserName] = @__normalizedUserName_0
2026-09-09 15:13:30.442 +03:00 [INF] [] Executing BadRequestObjectResult, writing value of type 'System.String[]'.
2026-09-09 15:13:30.442 +03:00 [INF] [] Executed action MJDVerse.API.Controllers.AuthController.Register (MJDVerse.API) in 195.6379ms
2026-09-09 15:13:30.442 +03:00 [INF] [] Executed endpoint 'MJDVerse.API.Controllers.AuthController.Register (MJDVerse.API)'
2026-09-09 15:13:30.442 +03:00 [INF] [] HTTP POST /api/v1/auth/register responded 400 in 196.2583 ms
2026-09-09 15:13:30.443 +03:00 [INF] [] Request finished HTTP/1.1 POST http://localhost:5155/api/v1/auth/register - 400 null application/json; charset=utf-8 196.645ms
